<html>
<body>
<pre>
<h1>µVision Build Log</h1>
<h2>Tool Versions:</h2>
IDE-Version: ¦ÌVision V5.41.0.0
Copyright (C) 2024 ARM Ltd and ARM Germany GmbH. All rights reserved.
License Information: H Healer, e, LIC=KRMW3-ARCA3-9US4U-SSA4K-GU9XB-JW4EX
 
Tool Versions:
Toolchain:       MDK-ARM Plus  Version: 5.41.0.0
Toolchain Path:  D:\Keil\Keil_v5\ARM\ARMCC\Bin
C Compiler:      Armcc.exe V5.06 update 1 (build 61)
Assembler:       Armasm.exe V5.06 update 1 (build 61)
Linker/Locator:  ArmLink.exe V5.06 update 1 (build 61)
Library Manager: ArmAr.exe V5.06 update 1 (build 61)
Hex Converter:   FromElf.exe V5.06 update 1 (build 61)
CPU DLL:         SARMCM3.DLL V5.41.0.0
Dialog DLL:      DCM.DLL V1.17.5.0
Target DLL:      STLink\ST-LINKIII-KEIL_SWO.dll V3.3.0.0
Dialog DLL:      TCM.DLL V1.56.4.0
 
<h2>Project:</h2>
E:\MCU Project\STM32F407Project\Ultrasonic\MDK-ARM\FreeRTOS.uvprojx
Project File Date:  04/01/2025

<h2>Output:</h2>
*** Using Compiler 'V5.06 update 1 (build 61)', folder: 'D:\Keil\Keil_v5\ARM\ARMCC\Bin'
Build target 'LVGL'
Note: source file '..\Tasks\Src\User_UltrasonicrxTask.c' - object file renamed from 'FreeRTOS\User_UltrasonicrxTask.o' to 'FreeRTOS\user_ultrasonicrxtask_1.o'.
Note: source file '..\Tasks\Src\User_UltrasonicrxTask.c' - object file renamed from 'FreeRTOS\User_UltrasonicrxTask.o' to 'FreeRTOS\user_ultrasonicrxtask_1.o'.
compiling main.c...
../Core/Src/main.c(71): warning:  #223-D: function "MX_FREERTOS_Init" declared implicitly
    MX_FREERTOS_Init();    // ä»?åŠ?åˆ?å§?åŒ?
../Core/Src/main.c: 1 warning, 0 errors
linking...
FreeRTOS\FreeRTOS.axf: Warning: L6304W: Duplicate input file freertos\user_ultrasonicrxtask_1.o ignored.
Program Size: Code=17232 RO-data=15092 RW-data=208 ZI-data=19744  
Finished: 0 information, 1 warning and 0 error messages.
FromELF: creating hex file...
"FreeRTOS\FreeRTOS.axf" - 0 Error(s), 2 Warning(s).

<h2>Software Packages used:</h2>

Package Vendor: ARM
                https://www.keil.com/pack/ARM.CMSIS.6.1.0.pack
                ARM::CMSIS@6.1.0
                CMSIS (Common Microcontroller Software Interface Standard)
   * Component: CORE Version: 6.1.0

Package Vendor: Keil
                https://www.keil.com/pack/Keil.STM32F4xx_DFP.3.0.0.pack
                Keil::STM32F4xx_DFP@3.0.0
                STMicroelectronics STM32F4 Series Device Support

<h2>Collection of Component include folders:</h2>
  ./RTE/_LVGL
  D:/Keil/Packs/ARM/CMSIS/6.1.0/CMSIS/Core/Include

<h2>Collection of Component Files used:</h2>

   * Component: ARM::CMSIS:CORE@6.1.0
Build Time Elapsed:  00:00:04
</pre>
</body>
</html>
