Component: ARM Compiler 5.06 update 1 (build 61) Tool: armlink [4d35a8]

==============================================================================

Section Cross References

    startup_stm32f407xx.o(RESET) refers to startup_stm32f407xx.o(STACK) for __initial_sp
    startup_stm32f407xx.o(RESET) refers to startup_stm32f407xx.o(.text) for Reset_Handler
    startup_stm32f407xx.o(RESET) refers to stm32f4xx_it.o(i.NMI_Handler) for NMI_Handler
    startup_stm32f407xx.o(RESET) refers to stm32f4xx_it.o(i.HardFault_Handler) for HardFault_Handler
    startup_stm32f407xx.o(RESET) refers to stm32f4xx_it.o(i.MemManage_Handler) for MemManage_Handler
    startup_stm32f407xx.o(RESET) refers to stm32f4xx_it.o(i.BusFault_Handler) for BusFault_Handler
    startup_stm32f407xx.o(RESET) refers to stm32f4xx_it.o(i.UsageFault_Handler) for UsageFault_Handler
    startup_stm32f407xx.o(RESET) refers to port.o(.emb_text) for SVC_Handler
    startup_stm32f407xx.o(RESET) refers to stm32f4xx_it.o(i.DebugMon_Handler) for DebugMon_Handler
    startup_stm32f407xx.o(RESET) refers to cmsis_os2.o(i.SysTick_Handler) for SysTick_Handler
    startup_stm32f407xx.o(RESET) refers to stm32f4xx_it.o(i.TIM4_IRQHandler) for TIM4_IRQHandler
    startup_stm32f407xx.o(RESET) refers to ultrasonic.o(i.EXTI15_10_IRQHandler) for EXTI15_10_IRQHandler
    startup_stm32f407xx.o(RESET) refers to timer.o(i.TIM6_DAC_IRQHandler) for TIM6_DAC_IRQHandler
    startup_stm32f407xx.o(RESET) refers to timer.o(i.TIM7_IRQHandler) for TIM7_IRQHandler
    startup_stm32f407xx.o(.text) refers to system_stm32f4xx.o(i.SystemInit) for SystemInit
    startup_stm32f407xx.o(.text) refers to entry.o(.ARM.Collect$$$$00000000) for __main
    main.o(i.HAL_TIM_PeriodElapsedCallback) refers to stm32f4xx_hal.o(i.HAL_IncTick) for HAL_IncTick
    main.o(i.SystemClock_Config) refers to stm32f4xx_ll_utils.o(i.LL_SetSystemCoreClock) for LL_SetSystemCoreClock
    main.o(i.SystemClock_Config) refers to stm32f4xx_hal_timebase_tim.o(i.HAL_InitTick) for HAL_InitTick
    main.o(i.main) refers to stm32f4xx_hal.o(i.HAL_Init) for HAL_Init
    main.o(i.main) refers to key.o(i.Key_Init) for Key_Init
    main.o(i.main) refers to led.o(i.LED1_RGB_Init) for LED1_RGB_Init
    main.o(i.main) refers to main.o(i.SystemClock_Config) for SystemClock_Config
    main.o(i.main) refers to gpio.o(i.MX_GPIO_Init) for MX_GPIO_Init
    main.o(i.main) refers to delay.o(i.delay_init) for delay_init
    main.o(i.main) refers to cmsis_os2.o(i.osKernelInitialize) for osKernelInitialize
    main.o(i.main) refers to freertos.o(i.MX_FREERTOS_Init) for MX_FREERTOS_Init
    main.o(i.main) refers to tasks.o(i.vTaskStartScheduler) for vTaskStartScheduler
    gpio.o(i.MX_GPIO_Init) refers to gpio.o(i.LL_AHB1_GRP1_EnableClock) for LL_AHB1_GRP1_EnableClock
    freertos.o(i.MX_FREERTOS_Init) refers to user_tasksinit.o(i.User_Tasks_Init) for User_Tasks_Init
    freertos.o(i.vApplicationTickHook) refers to user_tasksinit.o(i.TaskTickHook) for TaskTickHook
    usart.o(i.MX_USART1_UART_Init) refers to memseta.o(.text) for __aeabi_memclr4
    usart.o(i.MX_USART1_UART_Init) refers to stm32f4xx_ll_gpio.o(i.LL_GPIO_Init) for LL_GPIO_Init
    usart.o(i.MX_USART1_UART_Init) refers to stm32f4xx_ll_usart.o(i.LL_USART_Init) for LL_USART_Init
    stm32f4xx_it.o(i.TIM4_IRQHandler) refers to stm32f4xx_hal_tim.o(i.HAL_TIM_IRQHandler) for HAL_TIM_IRQHandler
    stm32f4xx_it.o(i.TIM4_IRQHandler) refers to stm32f4xx_hal_timebase_tim.o(.bss) for htim4
    stm32f4xx_hal_msp.o(i.HAL_MspInit) refers to stm32f4xx_hal_cortex.o(i.HAL_NVIC_SetPriority) for HAL_NVIC_SetPriority
    stm32f4xx_hal_timebase_tim.o(i.HAL_InitTick) refers to stm32f4xx_hal_rcc.o(i.HAL_RCC_GetClockConfig) for HAL_RCC_GetClockConfig
    stm32f4xx_hal_timebase_tim.o(i.HAL_InitTick) refers to stm32f4xx_hal_rcc.o(i.HAL_RCC_GetPCLK1Freq) for HAL_RCC_GetPCLK1Freq
    stm32f4xx_hal_timebase_tim.o(i.HAL_InitTick) refers to stm32f4xx_hal_tim.o(i.HAL_TIM_Base_Init) for HAL_TIM_Base_Init
    stm32f4xx_hal_timebase_tim.o(i.HAL_InitTick) refers to stm32f4xx_hal_tim.o(i.HAL_TIM_Base_Start_IT) for HAL_TIM_Base_Start_IT
    stm32f4xx_hal_timebase_tim.o(i.HAL_InitTick) refers to stm32f4xx_hal_cortex.o(i.HAL_NVIC_EnableIRQ) for HAL_NVIC_EnableIRQ
    stm32f4xx_hal_timebase_tim.o(i.HAL_InitTick) refers to stm32f4xx_hal_cortex.o(i.HAL_NVIC_SetPriority) for HAL_NVIC_SetPriority
    stm32f4xx_hal_timebase_tim.o(i.HAL_InitTick) refers to stm32f4xx_hal_timebase_tim.o(.bss) for .bss
    stm32f4xx_hal_timebase_tim.o(i.HAL_InitTick) refers to stm32f4xx_hal.o(.data) for uwTickPrio
    stm32f4xx_hal_timebase_tim.o(i.HAL_ResumeTick) refers to stm32f4xx_hal_timebase_tim.o(.bss) for .bss
    stm32f4xx_hal_timebase_tim.o(i.HAL_SuspendTick) refers to stm32f4xx_hal_timebase_tim.o(.bss) for .bss
    timer.o(i.TIM6_DAC_IRQHandler) refers to ultrasonic.o(i.Ultrasonic_Send_Task) for Ultrasonic_Send_Task
    timer.o(i.TIM6_Init) refers to memseta.o(.text) for __aeabi_memclr4
[...]
    .text                                    0x080002e2   Section        0  memmovea.o(.text)
    .text                                    0x08000322   Section        0  memseta.o(.text)
    .text                                    0x08000346   Section        0  dadd.o(.text)
    .text                                    0x08000494   Section        0  dmul.o(.text)
    .text                                    0x08000578   Section        0  ddiv.o(.text)
    .text                                    0x08000658   Section       48  cdrcmple.o(.text)
    .text                                    0x08000688   Section        0  uidiv.o(.text)
    .text                                    0x080006b4   Section        0  llshl.o(.text)
    .text                                    0x080006d2   Section        0  llushr.o(.text)
    .text                                    0x080006f2   Section        0  llsshr.o(.text)
    .text                                    0x08000716   Section        0  depilogue.o(.text)
    .text                                    0x08000716   Section        0  iusefp.o(.text)
    .text                                    0x080007d0   Section        0  dfixul.o(.text)
    .text                                    0x08000800   Section       36  init.o(.text)
    i.ADC1_Init                              0x08000824   Section        0  atod.o(i.ADC1_Init)
    i.BusFault_Handler                       0x080008f0   Section        0  stm32f4xx_it.o(i.BusFault_Handler)
    i.DebugMon_Handler                       0x080008f2   Section        0  stm32f4xx_it.o(i.DebugMon_Handler)
    i.EXTI15_10_IRQHandler                   0x080008f4   Section        0  ultrasonic.o(i.EXTI15_10_IRQHandler)
    i.HAL_IncTick                            0x08000914   Section        0  stm32f4xx_hal.o(i.HAL_IncTick)
    i.HAL_Init                               0x08000924   Section        0  stm32f4xx_hal.o(i.HAL_Init)
    i.HAL_InitTick                           0x08000958   Section        0  stm32f4xx_hal_timebase_tim.o(i.HAL_InitTick)
    i.HAL_MspInit                            0x080009f0   Section        0  stm32f4xx_hal_msp.o(i.HAL_MspInit)
    i.HAL_NVIC_EnableIRQ                     0x08000a28   Section        0  stm32f4xx_hal_cortex.o(i.HAL_NVIC_EnableIRQ)
    i.HAL_NVIC_SetPriority                   0x08000a44   Section        0  stm32f4xx_hal_cortex.o(i.HAL_NVIC_SetPriority)
    i.HAL_NVIC_SetPriorityGrouping           0x08000a84   Section        0  stm32f4xx_hal_cortex.o(i.HAL_NVIC_SetPriorityGrouping)
    i.HAL_RCC_GetClockConfig                 0x08000aa8   Section        0  stm32f4xx_hal_rcc.o(i.HAL_RCC_GetClockConfig)
    i.HAL_RCC_GetPCLK1Freq                   0x08000ae8   Section        0  stm32f4xx_hal_rcc.o(i.HAL_RCC_GetPCLK1Freq)
    i.HAL_TIMEx_BreakCallback                0x08000b08   Section        0  stm32f4xx_hal_tim_ex.o(i.HAL_TIMEx_BreakCallback)
    i.HAL_TIMEx_CommutCallback               0x08000b0a   Section        0  stm32f4xx_hal_tim_ex.o(i.HAL_TIMEx_CommutCallback)
    i.HAL_TIM_Base_Init                      0x08000b0c   Section        0  stm32f4xx_hal_tim.o(i.HAL_TIM_Base_Init)
    i.HAL_TIM_Base_MspInit                   0x08000b66   Section        0  stm32f4xx_hal_tim.o(i.HAL_TIM_Base_MspInit)
    i.HAL_TIM_Base_Start                     0x08000b68   Section        0  stm32f4xx_hal_tim.o(i.HAL_TIM_Base_Start)
    i.HAL_TIM_Base_Start_IT                  0x08000be0   Section        0  stm32f4xx_hal_tim.o(i.HAL_TIM_Base_Start_IT)
    i.HAL_TIM_IC_CaptureCallback             0x08000c60   Section        0  stm32f4xx_hal_tim.o(i.HAL_TIM_IC_CaptureCallback)
    i.HAL_TIM_IRQHandler                     0x08000c62   Section        0  stm32f4xx_hal_tim.o(i.HAL_TIM_IRQHandler)
    i.HAL_TIM_OC_DelayElapsedCallback        0x08000d92   Section        0  stm32f4xx_hal_tim.o(i.HAL_TIM_OC_DelayElapsedCallback)
    i.HAL_TIM_PWM_PulseFinishedCallback      0x08000d94   Section        0  stm32f4xx_hal_tim.o(i.HAL_TIM_PWM_PulseFinishedCallback)
    i.HAL_TIM_PeriodElapsedCallback          0x08000d98   Section        0  main.o(i.HAL_TIM_PeriodElapsedCallback)
    i.HAL_TIM_TriggerCallback                0x08000dac   Section        0  stm32f4xx_hal_tim.o(i.HAL_TIM_TriggerCallback)
    i.HardFault_Handler                      0x08000dae   Section        0  stm32f4xx_it.o(i.HardFault_Handler)
    i.Key_Init                               0x08000db0   Section        0  key.o(i.Key_Init)
    i.LED1_RGB_Init                          0x08000df8   Section        0  led.o(i.LED1_RGB_Init)
    i.LED1_RGB_ON                            0x08000e40   Section        0  led.o(i.LED1_RGB_ON)
    i.LL_ADC_CommonInit                      0x08000e54   Section        0  stm32f4xx_ll_adc.o(i.LL_ADC_CommonInit)
    i.LL_ADC_Init                            0x08000eb4   Section        0  stm32f4xx_ll_adc.o(i.LL_ADC_Init)
    i.LL_ADC_REG_Init                        0x08000ee8   Section        0  stm32f4xx_ll_adc.o(i.LL_ADC_REG_Init)
    i.LL_ADC_REG_SetSequencerRanks           0x08000f38   Section        0  atod.o(i.LL_ADC_REG_SetSequencerRanks)
    LL_ADC_REG_SetSequencerRanks             0x08000f39   Thumb Code    48  atod.o(i.LL_ADC_REG_SetSequencerRanks)
    i.LL_ADC_SetChannelSamplingTime          0x08000f68   Section        0  atod.o(i.LL_ADC_SetChannelSamplingTime)
    LL_ADC_SetChannelSamplingTime            0x08000f69   Thumb Code    70  atod.o(i.LL_ADC_SetChannelSamplingTime)
    i.LL_AHB1_GRP1_EnableClock               0x08000fb0   Section        0  gpio.o(i.LL_AHB1_GRP1_EnableClock)
    LL_AHB1_GRP1_EnableClock                 0x08000fb1   Thumb Code    18  gpio.o(i.LL_AHB1_GRP1_EnableClock)
    i.LL_AHB1_GRP1_EnableClock               0x08000fc8   Section        0  user_gpio.o(i.LL_AHB1_GRP1_EnableClock)
    LL_AHB1_GRP1_EnableClock                 0x08000fc9   Thumb Code    18  user_gpio.o(i.LL_AHB1_GRP1_EnableClock)
    i.LL_AHB1_GRP1_EnableClock               0x08000fe0   Section        0  key.o(i.LL_AHB1_GRP1_EnableClock)
    LL_AHB1_GRP1_EnableClock                 0x08000fe1   Thumb Code    18  key.o(i.LL_AHB1_GRP1_EnableClock)
    i.LL_GPIO_Init                           0x08000ff8   Section        0  stm32f4xx_ll_gpio.o(i.LL_GPIO_Init)
    i.LL_SetSystemCoreClock                  0x08001130   Section        0  stm32f4xx_ll_utils.o(i.LL_SetSystemCoreClock)
    i.LL_TIM_Init                            0x0800113c   Section        0  stm32f4xx_ll_tim.o(i.LL_TIM_Init)
    i.LL_TIM_OC_DisableFast                  0x08001204   Section        0  pwm1.o(i.LL_TIM_OC_DisableFast)
    LL_TIM_OC_DisableFast                    0x08001205   Thumb Code    80  pwm1.o(i.LL_TIM_OC_DisableFast)
    i.LL_TIM_OC_EnablePreload                0x08001258   Section        0  pwm1.o(i.LL_TIM_OC_EnablePreload)
    LL_TIM_OC_EnablePreload                  0x08001259   Thumb Code    80  pwm1.o(i.LL_TIM_OC_EnablePreload)
    i.LL_TIM_OC_Init                         0x080012ac   Section        0  stm32f4xx_ll_tim.o(i.LL_TIM_OC_Init)
    i.MX_FREERTOS_Init                       0x08001474   Section        0  freertos.o(i.MX_FREERTOS_Init)
    i.MX_GPIO_Init                           0x08001478   Section        0  gpio.o(i.MX_GPIO_Init)
    i.MemManage_Handler                      0x0800148a   Section        0  stm32f4xx_it.o(i.MemManage_Handler)
    i.NMI_Handler                            0x0800148c   Section        0  stm32f4xx_it.o(i.NMI_Handler)
    i.OLED_Clear                             0x08001490   Section        0  oled.o(i.OLED_Clear)
    i.OLED_GPIO_Init                         0x080014b8   Section        0  oled.o(i.OLED_GPIO_Init)
    i.OLED_I2C_SendByte                      0x08001520   Section        0  oled.o(i.OLED_I2C_SendByte)
    i.OLED_I2C_Start                         0x0800155a   Section        0  oled.o(i.OLED_I2C_Start)
    i.OLED_I2C_Stop                          0x08001578   Section        0  oled.o(i.OLED_I2C_Stop)
    i.OLED_Init                              0x08001590   Section        0  oled.o(i.OLED_Init)
    i.OLED_SetCursor                         0x0800162c   Section        0  oled.o(i.OLED_SetCursor)
    i.OLED_Update                            0x08001650   Section        0  oled.o(i.OLED_Update)
    i.OLED_W_SCL                             0x08001678   Section        0  oled.o(i.OLED_W_SCL)
    i.OLED_W_SDA                             0x08001694   Section        0  oled.o(i.OLED_W_SDA)
    i.OLED_WriteCommand                      0x080016b0   Section        0  oled.o(i.OLED_WriteCommand)
    i.OLED_WriteData                         0x080016d2   Section        0  oled.o(i.OLED_WriteData)
    i.PWM1_Disable                           0x08001704   Section        0  pwm1.o(i.PWM1_Disable)
    i.PWM1_Enable                            0x0800171c   Section        0  pwm1.o(i.PWM1_Enable)
    i.PWM1_Init                              0x08001734   Section        0  pwm1.o(i.PWM1_Init)
    i.PWM1_SetDutyCycle                      0x08001838   Section        0  pwm1.o(i.PWM1_SetDutyCycle)
    i.RGBLEDToggle_Task                      0x08001858   Section        0  user_tasksinit.o(i.RGBLEDToggle_Task)
    i.SysTick_Handler                        0x08001876   Section        0  cmsis_os2.o(i.SysTick_Handler)
    i.SystemClock_Config                     0x08001890   Section        0  main.o(i.SystemClock_Config)
    i.SystemInit                             0x08001964   Section        0  system_stm32f4xx.o(i.SystemInit)
    i.TIM4_IRQHandler                        0x08001974   Section        0  stm32f4xx_it.o(i.TIM4_IRQHandler)
    i.TIM6_DAC_IRQHandler                    0x08001980   Section        0  timer.o(i.TIM6_DAC_IRQHandler)
    i.TIM7_IRQHandler                        0x0800199c   Section        0  timer.o(i.TIM7_IRQHandler)
    i.TIM_Base_SetConfig                     0x080019e0   Section        0  stm32f4xx_hal_tim.o(i.TIM_Base_SetConfig)
    i.TaskTickHook                           0x08001ab8   Section        0  user_tasksinit.o(i.TaskTickHook)
    i.UltrasonicSend_Task                    0x08001abe   Section        0  user_ultrasonictxtask.o(i.UltrasonicSend_Task)
    i.UltrasonicTX_Init                      0x08001acc   Section        0  ultrasonic.o(i.UltrasonicTX_Init)
    i.UltrasonicTX_Set                       0x08001ae4   Section        0  ultrasonic.o(i.UltrasonicTX_Set)
    i.Ultrasonic_GetTxFlag                   0x08001ae8   Section        0  ultrasonic.o(i.Ultrasonic_GetTxFlag)
    i.Ultrasonic_GiveTxNum                   0x08001b00   Section        0  ultrasonic.o(i.Ultrasonic_GiveTxNum)
    i.Ultrasonic_Send_Task                   0x08001b10   Section        0  ultrasonic.o(i.Ultrasonic_Send_Task)
    i.UsageFault_Handler                     0x08001b80   Section        0  stm32f4xx_it.o(i.UsageFault_Handler)
    i.User_GPIOC1_Init                       0x08001b84   Section        0  user_gpio.o(i.User_GPIOC1_Init)
    i.User_Tasks_Init                        0x08001bbc   Section        0  user_tasksinit.o(i.User_Tasks_Init)
    i.XPCollection_Task                      0x08001c4c   Section        0  user_ultrasonictxtask.o(i.XPCollection_Task)
    i.__0printf                              0x08001c64   Section        0  printfa.o(i.__0printf)
    i.__NVIC_SetPriority                     0x08001c84   Section        0  stm32f4xx_hal_cortex.o(i.__NVIC_SetPriority)
    __NVIC_SetPriority                       0x08001c85   Thumb Code    32  stm32f4xx_hal_cortex.o(i.__NVIC_SetPriority)
    i.__scatterload_copy                     0x08001ca4   Section       14  handlers.o(i.__scatterload_copy)
    i.__scatterload_null                     0x08001cb2   Section        2  handlers.o(i.__scatterload_null)
    i.__scatterload_zeroinit                 0x08001cb4   Section       14  handlers.o(i.__scatterload_zeroinit)
    i._fp_digits                             0x08001cc4   Section        0  printfa.o(i._fp_digits)
    _fp_digits                               0x08001cc5   Thumb Code   334  printfa.o(i._fp_digits)
    i._printf_core                           0x08001e28   Section        0  printfa.o(i._printf_core)
    _printf_core                             0x08001e29   Thumb Code  1744  printfa.o(i._printf_core)
    i._printf_post_padding                   0x08002504   Section        0  printfa.o(i._printf_post_padding)
    _printf_post_padding                     0x08002505   Thumb Code    36  printfa.o(i._printf_post_padding)
    i._printf_pre_padding                    0x08002528   Section        0  printfa.o(i._printf_pre_padding)
    _printf_pre_padding                      0x08002529   Thumb Code    46  printfa.o(i._printf_pre_padding)
    i.delay_init                             0x08002558   Section        0  delay.o(i.delay_init)
    i.delay_us                               0x080025a4   Section        0  delay.o(i.delay_us)
    i.fputc                                  0x080025d0   Section        0  usart.o(i.fputc)
    i.lv_tick_inc                            0x080025e8   Section        0  lv_hal_tick.o(i.lv_tick_inc)
    i.main                                   0x080025fc   Section        0  main.o(i.main)
    i.osKernelInitialize                     0x08002624   Section        0  cmsis_os2.o(i.osKernelInitialize)
    i.prvAddCurrentTaskToDelayedList         0x08002648   Section        0  tasks.o(i.prvAddCurrentTaskToDelayedList)
    prvAddCurrentTaskToDelayedList           0x08002649   Thumb Code    84  tasks.o(i.prvAddCurrentTaskToDelayedList)
    i.prvAddNewTaskToReadyList               0x080026a4   Section        0  tasks.o(i.prvAddNewTaskToReadyList)
    prvAddNewTaskToReadyList                 0x080026a5   Thumb Code   190  tasks.o(i.prvAddNewTaskToReadyList)
    i.prvCheckForValidListAndQueue           0x08002774   Section        0  timers.o(i.prvCheckForValidListAndQueue)
    prvCheckForValidListAndQueue             0x08002775   Thumb Code    72  timers.o(i.prvCheckForValidListAndQueue)
    i.prvCopyDataFromQueue                   0x080027cc   Section        0  queue.o(i.prvCopyDataFromQueue)
    prvCopyDataFromQueue                     0x080027cd   Thumb Code    38  queue.o(i.prvCopyDataFromQueue)
    i.prvCopyDataToQueue                     0x080027f2   Section        0  queue.o(i.prvCopyDataToQueue)
    prvCopyDataToQueue                       0x080027f3   Thumb Code   108  queue.o(i.prvCopyDataToQueue)
    i.prvDeleteTCB                           0x0800285e   Section        0  tasks.o(i.prvDeleteTCB)
    prvDeleteTCB                             0x0800285f   Thumb Code    52  tasks.o(i.prvDeleteTCB)
    i.prvHeapInit                            0x08002894   Section        0  heap_4.o(i.prvHeapInit)
    prvHeapInit                              0x08002895   Thumb Code    66  heap_4.o(i.prvHeapInit)
    i.prvIdleTask                            0x080028e0   Section        0  tasks.o(i.prvIdleTask)
    prvIdleTask                              0x080028e1   Thumb Code    82  tasks.o(i.prvIdleTask)
    i.prvInitialiseNewQueue                  0x08002940   Section        0  queue.o(i.prvInitialiseNewQueue)
    prvInitialiseNewQueue                    0x08002941   Thumb Code    34  queue.o(i.prvInitialiseNewQueue)
    i.prvInitialiseNewTask                   0x08002964   Section        0  tasks.o(i.prvInitialiseNewTask)
    prvInitialiseNewTask                     0x08002965   Thumb Code   176  tasks.o(i.prvInitialiseNewTask)
    i.prvInsertBlockIntoFreeList             0x08002a14   Section        0  heap_4.o(i.prvInsertBlockIntoFreeList)
    prvInsertBlockIntoFreeList               0x08002a15   Thumb Code    72  heap_4.o(i.prvInsertBlockIntoFreeList)
    i.prvInsertTimerInActiveList             0x08002a60   Section        0  timers.o(i.prvInsertTimerInActiveList)
    prvInsertTimerInActiveList               0x08002a61   Thumb Code    52  timers.o(i.prvInsertTimerInActiveList)
    i.prvIsQueueEmpty                        0x08002a98   Section        0  queue.o(i.prvIsQueueEmpty)
    prvIsQueueEmpty                          0x08002a99   Thumb Code    28  queue.o(i.prvIsQueueEmpty)
    i.prvProcessReceivedCommands             0x08002ab4   Section        0  timers.o(i.prvProcessReceivedCommands)
    prvProcessReceivedCommands               0x08002ab5   Thumb Code   248  timers.o(i.prvProcessReceivedCommands)
    i.prvProcessTimerOrBlockTask             0x08002bb0   Section        0  timers.o(i.prvProcessTimerOrBlockTask)
    prvProcessTimerOrBlockTask               0x08002bb1   Thumb Code   182  timers.o(i.prvProcessTimerOrBlockTask)
    i.prvResetNextTaskUnblockTime            0x08002c70   Section        0  tasks.o(i.prvResetNextTaskUnblockTime)
    prvResetNextTaskUnblockTime              0x08002c71   Thumb Code    26  tasks.o(i.prvResetNextTaskUnblockTime)
    i.prvSampleTimeNow                       0x08002c90   Section        0  timers.o(i.prvSampleTimeNow)
    prvSampleTimeNow                         0x08002c91   Thumb Code    36  timers.o(i.prvSampleTimeNow)
    i.prvSwitchTimerLists                    0x08002cb8   Section        0  timers.o(i.prvSwitchTimerLists)
    prvSwitchTimerLists                      0x08002cb9   Thumb Code   104  timers.o(i.prvSwitchTimerLists)
    i.prvTaskExitError                       0x08002d24   Section        0  port.o(i.prvTaskExitError)
    prvTaskExitError                         0x08002d25   Thumb Code    36  port.o(i.prvTaskExitError)
    i.prvTimerTask                           0x08002d4c   Section        0  timers.o(i.prvTimerTask)
    prvTimerTask                             0x08002d4d   Thumb Code    32  timers.o(i.prvTimerTask)
    i.prvUnlockQueue                         0x08002d70   Section        0  queue.o(i.prvUnlockQueue)
    prvUnlockQueue                           0x08002d71   Thumb Code   106  queue.o(i.prvUnlockQueue)
    i.pvPortMalloc                           0x08002ddc   Section        0  heap_4.o(i.pvPortMalloc)
    i.pxPortInitialiseStack                  0x08002eb8   Section        0  port.o(i.pxPortInitialiseStack)
    i.uxListRemove                           0x08002ee4   Section        0  list.o(i.uxListRemove)
    i.vApplicationGetIdleTaskMemory          0x08002f0c   Section        0  cmsis_os2.o(i.vApplicationGetIdleTaskMemory)
    i.vApplicationGetTimerTaskMemory         0x08002f20   Section        0  cmsis_os2.o(i.vApplicationGetTimerTaskMemory)
    i.vApplicationTickHook                   0x08002f38   Section        0  freertos.o(i.vApplicationTickHook)
    i.vListInitialise                        0x08002f3c   Section        0  list.o(i.vListInitialise)
    i.vListInitialiseItem                    0x08002f52   Section        0  list.o(i.vListInitialiseItem)
    i.vListInsert                            0x08002f58   Section        0  list.o(i.vListInsert)
    i.vListInsertEnd                         0x08002f88   Section        0  list.o(i.vListInsertEnd)
    i.vPortEnterCritical                     0x08002fa0   Section        0  port.o(i.vPortEnterCritical)
    i.vPortExitCritical                      0x08002fe0   Section        0  port.o(i.vPortExitCritical)
    i.vPortFree                              0x08003008   Section        0  heap_4.o(i.vPortFree)
    i.vPortSetupTimerInterrupt               0x0800306c   Section        0  port.o(i.vPortSetupTimerInterrupt)
    i.vPortValidateInterruptPriority         0x08003090   Section        0  port.o(i.vPortValidateInterruptPriority)
    i.vQueueAddToRegistry                    0x080030e4   Section        0  queue.o(i.vQueueAddToRegistry)
    i.vQueueWaitForMessageRestricted         0x0800310c   Section        0  queue.o(i.vQueueWaitForMessageRestricted)
    i.vTaskDelay                             0x08003150   Section        0  tasks.o(i.vTaskDelay)
    i.vTaskInternalSetTimeOutState           0x0800319c   Section        0  tasks.o(i.vTaskInternalSetTimeOutState)
    i.vTaskMissedYield                       0x080031ac   Section        0  tasks.o(i.vTaskMissedYield)
    i.vTaskPlaceOnEventList                  0x080031b8   Section        0  tasks.o(i.vTaskPlaceOnEventList)
    i.vTaskPlaceOnEventListRestricted        0x080031e8   Section        0  tasks.o(i.vTaskPlaceOnEventListRestricted)
    i.vTaskStartScheduler                    0x08003220   Section        0  tasks.o(i.vTaskStartScheduler)
    i.vTaskSuspendAll                        0x080032a8   Section        0  tasks.o(i.vTaskSuspendAll)
    i.vTaskSwitchContext                     0x080032b8   Section        0  tasks.o(i.vTaskSwitchContext)
    i.xPortStartScheduler                    0x0800331c   Section        0  port.o(i.xPortStartScheduler)
    i.xPortSysTickHandler                    0x08003410   Section        0  port.o(i.xPortSysTickHandler)
    i.xQueueGenericCreateStatic              0x0800343c   Section        0  queue.o(i.xQueueGenericCreateStatic)
    i.xQueueGenericReset                     0x080034a4   Section        0  queue.o(i.xQueueGenericReset)
    i.xQueueGenericSend                      0x0800352c   Section        0  queue.o(i.xQueueGenericSend)
    i.xQueueGenericSendFromISR               0x0800368c   Section        0  queue.o(i.xQueueGenericSendFromISR)
    i.xQueueReceive                          0x0800374c   Section        0  queue.o(i.xQueueReceive)
    i.xTaskCheckForTimeOut                   0x08003884   Section        0  tasks.o(i.xTaskCheckForTimeOut)
    i.xTaskCreate                            0x080038f8   Section        0  tasks.o(i.xTaskCreate)
    i.xTaskCreateStatic                      0x08003952   Section        0  tasks.o(i.xTaskCreateStatic)
    i.xTaskGetSchedulerState                 0x080039a8   Section        0  tasks.o(i.xTaskGetSchedulerState)
    i.xTaskGetTickCount                      0x080039c4   Section        0  tasks.o(i.xTaskGetTickCount)
    i.xTaskIncrementTick                     0x080039d0   Section        0  tasks.o(i.xTaskIncrementTick)
    i.xTaskPriorityDisinherit                0x08003aa8   Section        0  tasks.o(i.xTaskPriorityDisinherit)
    i.xTaskRemoveFromEventList               0x08003b28   Section        0  tasks.o(i.xTaskRemoveFromEventList)
    i.xTaskResumeAll                         0x08003b98   Section        0  tasks.o(i.xTaskResumeAll)
    i.xTimerCreateTimerTask                  0x08003c5c   Section        0  timers.o(i.xTimerCreateTimerTask)
    i.xTimerGenericCommand                   0x08003cbc   Section        0  timers.o(i.xTimerGenericCommand)
    .constdata                               0x08003d24   Section       14  pwm1.o(.constdata)
    OFFSET_TAB_CCMRx                         0x08003d24   Data           7  pwm1.o(.constdata)
    SHIFT_TAB_OCxx                           0x08003d2b   Data           7  pwm1.o(.constdata)
    .constdata                               0x08003d32   Section        8  system_stm32f4xx.o(.constdata)
    .data                                    0x20000000   Section       12  stm32f4xx_hal.o(.data)
    .data                                    0x2000000c   Section        4  system_stm32f4xx.o(.data)
    .data                                    0x20000010   Section       60  tasks.o(.data)
    uxDeletedTasksWaitingCleanUp             0x20000014   Data           4  tasks.o(.data)
    uxCurrentNumberOfTasks                   0x20000018   Data           4  tasks.o(.data)
    xTickCount                               0x2000001c   Data           4  tasks.o(.data)
    uxTopReadyPriority                       0x20000020   Data           4  tasks.o(.data)
    xSchedulerRunning                        0x20000024   Data           4  tasks.o(.data)
    xPendedTicks                             0x20000028   Data           4  tasks.o(.data)
    xYieldPending                            0x2000002c   Data           4  tasks.o(.data)
    xNumOfOverflows                          0x20000030   Data           4  tasks.o(.data)
    uxTaskNumber                             0x20000034   Data           4  tasks.o(.data)
    xNextTaskUnblockTime                     0x20000038   Data           4  tasks.o(.data)
    xIdleTaskHandle                          0x2000003c   Data           4  tasks.o(.data)
    uxSchedulerSuspended                     0x20000040   Data           4  tasks.o(.data)
    pxDelayedTaskList                        0x20000044   Data           4  tasks.o(.data)
    pxOverflowDelayedTaskList                0x20000048   Data           4  tasks.o(.data)
    .data                                    0x2000004c   Section       20  timers.o(.data)
    xTimerQueue                              0x2000004c   Data           4  timers.o(.data)
    xTimerTaskHandle                         0x20000050   Data           4  timers.o(.data)
    xLastTime                                0x20000054   Data           4  timers.o(.data)
    pxCurrentTimerList                       0x20000058   Data           4  timers.o(.data)
    pxOverflowTimerList                      0x2000005c   Data           4  timers.o(.data)
    .data                                    0x20000060   Section        4  cmsis_os2.o(.data)
    KernelState                              0x20000060   Data           4  cmsis_os2.o(.data)
    .data                                    0x20000064   Section       32  heap_4.o(.data)
    pxEnd                                    0x20000064   Data           4  heap_4.o(.data)
    xFreeBytesRemaining                      0x20000068   Data           4  heap_4.o(.data)
    xMinimumEverFreeBytesRemaining           0x2000006c   Data           4  heap_4.o(.data)
    xNumberOfSuccessfulAllocations           0x20000070   Data           4  heap_4.o(.data)
    xNumberOfSuccessfulFrees                 0x20000074   Data           4  heap_4.o(.data)
    xBlockAllocatedBit                       0x20000078   Data           4  heap_4.o(.data)
    xStart                                   0x2000007c   Data           8  heap_4.o(.data)
    .data                                    0x20000084   Section       12  port.o(.data)
    ucMaxSysCallPriority                     0x20000084   Data           1  port.o(.data)
    uxCriticalNesting                        0x20000088   Data           4  port.o(.data)
    ulMaxPRIGROUPValue                       0x2000008c   Data           4  port.o(.data)
    .data                                    0x20000090   Section        8  ultrasonic.o(.data)
    TxState                                  0x20000093   Data           1  ultrasonic.o(.data)
    TxData                                   0x20000094   Data           1  ultrasonic.o(.data)
    TxIndex                                  0x20000095   Data           1  ultrasonic.o(.data)
    RxData                                   0x20000096   Data           1  ultrasonic.o(.data)
    RxIndex                                  0x20000097   Data           1  ultrasonic.o(.data)
    .data                                    0x20000098   Section        4  delay.o(.data)
    g_fac_us                                 0x20000098   Data           4  delay.o(.data)
    .data                                    0x2000009c   Section       16  user_tasksinit.o(.data)
    .data                                    0x200000ac   Section        8  lv_hal_tick.o(.data)
    tick_irq_flag                            0x200000ac   Data           1  lv_hal_tick.o(.data)
    sys_time                                 0x200000b0   Data           4  lv_hal_tick.o(.data)
    .data                                    0x200000b4   Section        4  stdout.o(.data)
    .bss                                     0x200000b8   Section       72  stm32f4xx_hal_timebase_tim.o(.bss)
    .bss                                     0x20000100   Section       64  queue.o(.bss)
    .bss                                     0x20000140   Section     1220  tasks.o(.bss)
    pxReadyTasksLists                        0x20000140   Data        1120  tasks.o(.bss)
    xDelayedTaskList1                        0x200005a0   Data          20  tasks.o(.bss)
    xDelayedTaskList2                        0x200005b4   Data          20  tasks.o(.bss)
    xPendingReadyList                        0x200005c8   Data          20  tasks.o(.bss)
    xTasksWaitingTermination                 0x200005dc   Data          20  tasks.o(.bss)
    xSuspendedTaskList                       0x200005f0   Data          20  tasks.o(.bss)
    .bss                                     0x20000604   Section      280  timers.o(.bss)
    xStaticTimerQueue                        0x20000604   Data          80  timers.o(.bss)
    ucStaticTimerQueueStorage                0x20000654   Data         160  timers.o(.bss)
    xActiveTimerList1                        0x200006f4   Data          20  timers.o(.bss)
    xActiveTimerList2                        0x20000708   Data          20  timers.o(.bss)
    .bss                                     0x2000071c   Section     1720  cmsis_os2.o(.bss)
    Idle_TCB                                 0x2000071c   Data          92  cmsis_os2.o(.bss)
    Idle_Stack                               0x20000778   Data         512  cmsis_os2.o(.bss)
    Timer_TCB                                0x20000978   Data          92  cmsis_os2.o(.bss)
    Timer_Stack                              0x200009d4   Data        1024  cmsis_os2.o(.bss)
    .bss                                     0x20000dd4   Section    15360  heap_4.o(.bss)
    ucHeap                                   0x20000dd4   Data       15360  heap_4.o(.bss)
    .bss                                     0x200049d4   Section     1024  oled.o(.bss)
    STACK                                    0x20004dd8   Section     1024  startup_stm32f407xx.o(STACK)

    Global Symbols

    Symbol Name                              Value     Ov Type        Size  Object(Section)

    BuildAttributes$$THM_ISAv4$E$P$D$K$B$S$7EM$VFPi3$EXTD16$VFPS$VFMA$PE$A:L22UL41UL21$X:L11$S22US41US21$IEEE1$IW$USESV6$~STKCKD$USESV7$~SHL$OTIME$ROPI$IEEEX$EBA8$MICROLIB$REQ8$PRES8$EABIv2 0x00000000   Number         0  anon$$obj.o ABSOLUTE
    __ARM_use_no_argv                        0x00000000   Number         0  main.o ABSOLUTE
    _printf_a                                0x00000000   Number         0  stubs.o ABSOLUTE
    _printf_c                                0x00000000   Number         0  stubs.o ABSOLUTE
    _printf_charcount                        0x00000000   Number         0  stubs.o ABSOLUTE
    _printf_d                                0x00000000   Number         0  stubs.o ABSOLUTE
    _printf_e                                0x00000000   Number         0  stubs.o ABSOLUTE
    _printf_f                                0x00000000   Number         0  stubs.o ABSOLUTE
    _printf_flags                            0x00000000   Number         0  stubs.o ABSOLUTE
    _printf_fp_dec                           0x00000000   Number         0  stubs.o ABSOLUTE
    _printf_fp_hex                           0x00000000   Number         0  stubs.o ABSOLUTE
    _printf_g                                0x00000000   Number         0  stubs.o ABSOLUTE
    _printf_i                                0x00000000   Number         0  stubs.o ABSOLUTE
    _printf_int_dec                          0x00000000   Number         0  stubs.o ABSOLUTE
    _printf_l                                0x00000000   Number         0  stubs.o ABSOLUTE
    _printf_lc                               0x00000000   Number         0  stubs.o ABSOLUTE
    _printf_ll                               0x00000000   Number         0  stubs.o ABSOLUTE
    _printf_lld                              0x00000000   Number         0  stubs.o ABSOLUTE
    _printf_lli                              0x00000000   Number         0  stubs.o ABSOLUTE
    _printf_llo                              0x00000000   Number         0  stubs.o ABSOLUTE
    _printf_llu                              0x00000000   Number         0  stubs.o ABSOLUTE
    _printf_llx                              0x00000000   Number         0  stubs.o ABSOLUTE
    _printf_longlong_dec                     0x00000000   Number         0  stubs.o ABSOLUTE
    _printf_longlong_hex                     0x00000000   Number         0  stubs.o ABSOLUTE
    _printf_longlong_oct                     0x00000000   Number         0  stubs.o ABSOLUTE
    _printf_ls                               0x00000000   Number         0  stubs.o ABSOLUTE
    _printf_mbtowc                           0x00000000   Number         0  stubs.o ABSOLUTE
    _printf_n                                0x00000000   Number         0  stubs.o ABSOLUTE
    _printf_o                                0x00000000   Number         0  stubs.o ABSOLUTE
    _printf_p                                0x00000000   Number         0  stubs.o ABSOLUTE
    _printf_percent                          0x00000000   Number         0  stubs.o ABSOLUTE
    _printf_pre_padding                      0x00000000   Number         0  stubs.o ABSOLUTE
    _printf_return_value                     0x00000000   Number         0  stubs.o ABSOLUTE
    _printf_s                                0x00000000   Number         0  stubs.o ABSOLUTE
    _printf_sizespec                         0x00000000   Number         0  stubs.o ABSOLUTE
    _printf_str                              0x00000000   Number         0  stubs.o ABSOLUTE
    _printf_truncate_signed                  0x00000000   Number         0  stubs.o ABSOLUTE
    _printf_truncate_unsigned                0x00000000   Number         0  stubs.o ABSOLUTE
    _printf_u                                0x00000000   Number         0  stubs.o ABSOLUTE
    _printf_wc                               0x00000000   Number         0  stubs.o ABSOLUTE
    _printf_wctomb                           0x00000000   Number         0  stubs.o ABSOLUTE
    _printf_widthprec                        0x00000000   Number         0  stubs.o ABSOLUTE
    _printf_x                                0x00000000   Number         0  stubs.o ABSOLUTE
    __cpp_initialize__aeabi_                  - Undefined Weak Reference
    __cxa_finalize                            - Undefined Weak Reference
    __decompress                              - Undefined Weak Reference
    _clock_init                               - Undefined Weak Reference
    _microlib_exit                            - Undefined Weak Reference
    __Vectors_Size                           0x00000188   Number         0  startup_stm32f407xx.o ABSOLUTE
    __Vectors                                0x08000000   Data           4  startup_stm32f407xx.o(RESET)
    __Vectors_End                            0x08000188   Data           0  startup_stm32f407xx.o(RESET)
    __main                                   0x08000189   Thumb Code     0  entry.o(.ARM.Collect$$$$00000000)
    _main_stk                                0x08000189   Thumb Code     0  entry2.o(.ARM.Collect$$$$00000001)
    _main_scatterload                        0x0800018d   Thumb Code     0  entry5.o(.ARM.Collect$$$$00000004)
    __main_after_scatterload                 0x08000191   Thumb Code     0  entry5.o(.ARM.Collect$$$$00000004)
    _main_clock                              0x08000191   Thumb Code     0  entry7b.o(.ARM.Collect$$$$00000008)
    _main_cpp_init                           0x08000191   Thumb Code     0  entry8b.o(.ARM.Collect$$$$0000000A)
    _main_init                               0x08000191   Thumb Code     0  entry9a.o(.ARM.Collect$$$$0000000B)
    __rt_final_cpp                           0x08000199   Thumb Code     0  entry10a.o(.ARM.Collect$$$$0000000D)
    __rt_final_exit                          0x08000199   Thumb Code     0  entry11a.o(.ARM.Collect$$$$0000000F)
    SVC_Handler                              0x0800019d   Thumb Code    28  port.o(.emb_text)
    __asm___6_port_c_39a90d8d__prvStartFirstTask 0x080001bd   Thumb Code    36  port.o(.emb_text)
    __asm___6_port_c_39a90d8d__prvEnableVFP  0x080001e5   Thumb Code    16  port.o(.emb_text)
    PendSV_Handler                           0x080001f9   Thumb Code    88  port.o(.emb_text)
    vPortGetIPSR                             0x08000255   Thumb Code     6  port.o(.emb_text)
    Reset_Handler                            0x0800025d   Thumb Code     8  startup_stm32f407xx.o(.text)
    ADC_IRQHandler                           0x08000277   Thumb Code     0  startup_stm32f407xx.o(.text)
    CAN1_RX0_IRQHandler                      0x08000277   Thumb Code     0  startup_stm32f407xx.o(.text)
    CAN1_RX1_IRQHandler                      0x08000277   Thumb Code     0  startup_stm32f407xx.o(.text)
    CAN1_SCE_IRQHandler                      0x08000277   Thumb Code     0  startup_stm32f407xx.o(.text)
    CAN1_TX_IRQHandler                       0x08000277   Thumb Code     0  startup_stm32f407xx.o(.text)
    CAN2_RX0_IRQHandler                      0x08000277   Thumb Code     0  startup_stm32f407xx.o(.text)
    CAN2_RX1_IRQHandler                      0x08000277   Thumb Code     0  startup_stm32f407xx.o(.text)
    CAN2_SCE_IRQHandler                      0x08000277   Thumb Code     0  startup_stm32f407xx.o(.text)
    CAN2_TX_IRQHandler                       0x08000277   Thumb Code     0  startup_stm32f407xx.o(.text)
    DCMI_IRQHandler                          0x08000277   Thumb Code     0  startup_stm32f407xx.o(.text)
    DMA1_Stream0_IRQHandler                  0x08000277   Thumb Code     0  startup_stm32f407xx.o(.text)
    DMA1_Stream1_IRQHandler                  0x08000277   Thumb Code     0  startup_stm32f407xx.o(.text)
    DMA1_Stream2_IRQHandler                  0x08000277   Thumb Code     0  startup_stm32f407xx.o(.text)
    DMA1_Stream3_IRQHandler                  0x08000277   Thumb Code     0  startup_stm32f407xx.o(.text)
    DMA1_Stream4_IRQHandler                  0x08000277   Thumb Code     0  startup_stm32f407xx.o(.text)
    DMA1_Stream5_IRQHandler                  0x08000277   Thumb Code     0  startup_stm32f407xx.o(.text)
    DMA1_Stream6_IRQHandler                  0x08000277   Thumb Code     0  startup_stm32f407xx.o(.text)
    DMA1_Stream7_IRQHandler                  0x08000277   Thumb Code     0  startup_stm32f407xx.o(.text)
    DMA2_Stream0_IRQHandler                  0x08000277   Thumb Code     0  startup_stm32f407xx.o(.text)
    DMA2_Stream1_IRQHandler                  0x08000277   Thumb Code     0  startup_stm32f407xx.o(.text)
    DMA2_Stream2_IRQHandler                  0x08000277   Thumb Code     0  startup_stm32f407xx.o(.text)
    DMA2_Stream3_IRQHandler                  0x08000277   Thumb Code     0  startup_stm32f407xx.o(.text)
    DMA2_Stream4_IRQHandler                  0x08000277   Thumb Code     0  startup_stm32f407xx.o(.text)
    DMA2_Stream5_IRQHandler                  0x08000277   Thumb Code     0  startup_stm32f407xx.o(.text)
    DMA2_Stream6_IRQHandler                  0x08000277   Thumb Code     0  startup_stm32f407xx.o(.text)
    DMA2_Stream7_IRQHandler                  0x08000277   Thumb Code     0  startup_stm32f407xx.o(.text)
    ETH_IRQHandler                           0x08000277   Thumb Code     0  startup_stm32f407xx.o(.text)
    ETH_WKUP_IRQHandler                      0x08000277   Thumb Code     0  startup_stm32f407xx.o(.text)
    EXTI0_IRQHandler                         0x08000277   Thumb Code     0  startup_stm32f407xx.o(.text)
    EXTI1_IRQHandler                         0x08000277   Thumb Code     0  startup_stm32f407xx.o(.text)
    EXTI2_IRQHandler                         0x08000277   Thumb Code     0  startup_stm32f407xx.o(.text)
    EXTI3_IRQHandler                         0x08000277   Thumb Code     0  startup_stm32f407xx.o(.text)
    EXTI4_IRQHandler                         0x08000277   Thumb Code     0  startup_stm32f407xx.o(.text)
    EXTI9_5_IRQHandler                       0x08000277   Thumb Code     0  startup_stm32f407xx.o(.text)
    FLASH_IRQHandler                         0x08000277   Thumb Code     0  startup_stm32f407xx.o(.text)
    FMC_IRQHandler                           0x08000277   Thumb Code     0  startup_stm32f407xx.o(.text)
    FPU_IRQHandler                           0x08000277   Thumb Code     0  startup_stm32f407xx.o(.text)
    HASH_RNG_IRQHandler                      0x08000277   Thumb Code     0  startup_stm32f407xx.o(.text)
    I2C1_ER_IRQHandler                       0x08000277   Thumb Code     0  startup_stm32f407xx.o(.text)
    I2C1_EV_IRQHandler                       0x08000277   Thumb Code     0  startup_stm32f407xx.o(.text)
    I2C2_ER_IRQHandler                       0x08000277   Thumb Code     0  startup_stm32f407xx.o(.text)
    I2C2_EV_IRQHandler                       0x08000277   Thumb Code     0  startup_stm32f407xx.o(.text)
    I2C3_ER_IRQHandler                       0x08000277   Thumb Code     0  startup_stm32f407xx.o(.text)
    I2C3_EV_IRQHandler                       0x08000277   Thumb Code     0  startup_stm32f407xx.o(.text)
    OTG_FS_IRQHandler                        0x08000277   Thumb Code     0  startup_stm32f407xx.o(.text)
    OTG_FS_WKUP_IRQHandler                   0x08000277   Thumb Code     0  startup_stm32f407xx.o(.text)
    OTG_HS_EP1_IN_IRQHandler                 0x08000277   Thumb Code     0  startup_stm32f407xx.o(.text)
    OTG_HS_EP1_OUT_IRQHandler                0x08000277   Thumb Code     0  startup_stm32f407xx.o(.text)
    OTG_HS_IRQHandler                        0x08000277   Thumb Code     0  startup_stm32f407xx.o(.text)
    OTG_HS_WKUP_IRQHandler                   0x08000277   Thumb Code     0  startup_stm32f407xx.o(.text)
    PVD_IRQHandler                           0x08000277   Thumb Code     0  startup_stm32f407xx.o(.text)
    RCC_IRQHandler                           0x08000277   Thumb Code     0  startup_stm32f407xx.o(.text)
    RTC_Alarm_IRQHandler                     0x08000277   Thumb Code     0  startup_stm32f407xx.o(.text)
    RTC_WKUP_IRQHandler                      0x08000277   Thumb Code     0  startup_stm32f407xx.o(.text)
    SDIO_IRQHandler                          0x08000277   Thumb Code     0  startup_stm32f407xx.o(.text)
    SPI1_IRQHandler                          0x08000277   Thumb Code     0  startup_stm32f407xx.o(.text)
    SPI2_IRQHandler                          0x08000277   Thumb Code     0  startup_stm32f407xx.o(.text)
    SPI3_IRQHandler                          0x08000277   Thumb Code     0  startup_stm32f407xx.o(.text)
    TAMP_STAMP_IRQHandler                    0x08000277   Thumb Code     0  startup_stm32f407xx.o(.text)
    TIM1_BRK_TIM9_IRQHandler                 0x08000277   Thumb Code     0  startup_stm32f407xx.o(.text)
    TIM1_CC_IRQHandler                       0x08000277   Thumb Code     0  startup_stm32f407xx.o(.text)
    TIM1_TRG_COM_TIM11_IRQHandler            0x08000277   Thumb Code     0  startup_stm32f407xx.o(.text)
    TIM1_UP_TIM10_IRQHandler                 0x08000277   Thumb Code     0  startup_stm32f407xx.o(.text)
    TIM2_IRQHandler                          0x08000277   Thumb Code     0  startup_stm32f407xx.o(.text)
    TIM3_IRQHandler                          0x08000277   Thumb Code     0  startup_stm32f407xx.o(.text)
    TIM5_IRQHandler                          0x08000277   Thumb Code     0  startup_stm32f407xx.o(.text)
    TIM8_BRK_TIM12_IRQHandler                0x08000277   Thumb Code     0  startup_stm32f407xx.o(.text)
    TIM8_CC_IRQHandler                       0x08000277   Thumb Code     0  startup_stm32f407xx.o(.text)
    TIM8_TRG_COM_TIM14_IRQHandler            0x08000277   Thumb Code     0  startup_stm32f407xx.o(.text)
    TIM8_UP_TIM13_IRQHandler                 0x08000277   Thumb Code     0  startup_stm32f407xx.o(.text)
    UART4_IRQHandler                         0x08000277   Thumb Code     0  startup_stm32f407xx.o(.text)
    UART5_IRQHandler                         0x08000277   Thumb Code     0  startup_stm32f407xx.o(.text)
    USART1_IRQHandler                        0x08000277   Thumb Code     0  startup_stm32f407xx.o(.text)
    USART2_IRQHandler                        0x08000277   Thumb Code     0  startup_stm32f407xx.o(.text)
    USART3_IRQHandler                        0x08000277   Thumb Code     0  startup_stm32f407xx.o(.text)
    USART6_IRQHandler                        0x08000277   Thumb Code     0  startup_stm32f407xx.o(.text)
    WWDG_IRQHandler                          0x08000277   Thumb Code     0  startup_stm32f407xx.o(.text)
    __aeabi_uldivmod                         0x08000281   Thumb Code    98  uldiv.o(.text)
    ___aeabi_memcpy8$move                    0x080002e3   Thumb Code     0  memmovea.o(.text)
    __aeabi_memcpy                           0x080002e3   Thumb Code    64  memmovea.o(.text)
    __aeabi_memcpy4                          0x080002e3   Thumb Code     0  memmovea.o(.text)
    __aeabi_memmove                          0x080002e3   Thumb Code     0  memmovea.o(.text)
    __aeabi_memmove4                         0x080002e3   Thumb Code     0  memmovea.o(.text)
    __aeabi_memmove8                         0x080002e3   Thumb Code     0  memmovea.o(.text)
    __aeabi_memset                           0x08000323   Thumb Code    14  memseta.o(.text)
    __aeabi_memset4                          0x08000323   Thumb Code     0  memseta.o(.text)
    __aeabi_memset8                          0x08000323   Thumb Code     0  memseta.o(.text)
    __aeabi_memclr                           0x08000331   Thumb Code     4  memseta.o(.text)
    __aeabi_memclr4                          0x08000331   Thumb Code     0  memseta.o(.text)
    __aeabi_memclr8                          0x08000331   Thumb Code     0  memseta.o(.text)
    memset                                   0x08000335   Thumb Code    18  memseta.o(.text)
    __aeabi_dadd                             0x08000347   Thumb Code   322  dadd.o(.text)
    __aeabi_dsub                             0x08000489   Thumb Code     6  dadd.o(.text)
    __aeabi_drsub                            0x0800048f   Thumb Code     6  dadd.o(.text)
    __aeabi_dmul                             0x08000495   Thumb Code   228  dmul.o(.text)
    __aeabi_ddiv                             0x08000579   Thumb Code   222  ddiv.o(.text)
    __aeabi_cdrcmple                         0x08000659   Thumb Code    48  cdrcmple.o(.text)
    __aeabi_uidiv                            0x08000689   Thumb Code     0  uidiv.o(.text)
    __aeabi_uidivmod                         0x08000689   Thumb Code    44  uidiv.o(.text)
    __aeabi_llsl                             0x080006b5   Thumb Code    30  llshl.o(.text)
    _ll_shift_l                              0x080006b5   Thumb Code     0  llshl.o(.text)
    __aeabi_llsr                             0x080006d3   Thumb Code    32  llushr.o(.text)
    _ll_ushift_r                             0x080006d3   Thumb Code     0  llushr.o(.text)
    __aeabi_lasr                             0x080006f3   Thumb Code    36  llsshr.o(.text)
    _ll_sshift_r                             0x080006f3   Thumb Code     0  llsshr.o(.text)
    __I$use$fp                               0x08000717   Thumb Code     0  iusefp.o(.text)
    _double_round                            0x08000717   Thumb Code    30  depilogue.o(.text)
    _double_epilogue                         0x08000735   Thumb Code   156  depilogue.o(.text)
    __aeabi_d2ulz                            0x080007d1   Thumb Code    48  dfixul.o(.text)
    __scatterload                            0x08000801   Thumb Code    28  init.o(.text)
    __scatterload_rt2                        0x08000801   Thumb Code     0  init.o(.text)
    ADC1_Init                                0x08000825   Thumb Code   184  atod.o(i.ADC1_Init)
    BusFault_Handler                         0x080008f1   Thumb Code     2  stm32f4xx_it.o(i.BusFault_Handler)
    DebugMon_Handler                         0x080008f3   Thumb Code     2  stm32f4xx_it.o(i.DebugMon_Handler)
    EXTI15_10_IRQHandler                     0x080008f5   Thumb Code    24  ultrasonic.o(i.EXTI15_10_IRQHandler)
    HAL_IncTick                              0x08000915   Thumb Code    12  stm32f4xx_hal.o(i.HAL_IncTick)
    HAL_Init                                 0x08000925   Thumb Code    48  stm32f4xx_hal.o(i.HAL_Init)
    HAL_InitTick                             0x08000959   Thumb Code   132  stm32f4xx_hal_timebase_tim.o(i.HAL_InitTick)
    HAL_MspInit                              0x080009f1   Thumb Code    52  stm32f4xx_hal_msp.o(i.HAL_MspInit)
    HAL_NVIC_EnableIRQ                       0x08000a29   Thumb Code    26  stm32f4xx_hal_cortex.o(i.HAL_NVIC_EnableIRQ)
    HAL_NVIC_SetPriority                     0x08000a45   Thumb Code    60  stm32f4xx_hal_cortex.o(i.HAL_NVIC_SetPriority)
    HAL_NVIC_SetPriorityGrouping             0x08000a85   Thumb Code    26  stm32f4xx_hal_cortex.o(i.HAL_NVIC_SetPriorityGrouping)
    HAL_RCC_GetClockConfig                   0x08000aa9   Thumb Code    54  stm32f4xx_hal_rcc.o(i.HAL_RCC_GetClockConfig)
    HAL_RCC_GetPCLK1Freq                     0x08000ae9   Thumb Code    20  stm32f4xx_hal_rcc.o(i.HAL_RCC_GetPCLK1Freq)
    HAL_TIMEx_BreakCallback                  0x08000b09   Thumb Code     2  stm32f4xx_hal_tim_ex.o(i.HAL_TIMEx_BreakCallback)
    HAL_TIMEx_CommutCallback                 0x08000b0b   Thumb Code     2  stm32f4xx_hal_tim_ex.o(i.HAL_TIMEx_CommutCallback)
    HAL_TIM_Base_Init                        0x08000b0d   Thumb Code    90  stm32f4xx_hal_tim.o(i.HAL_TIM_Base_Init)
    HAL_TIM_Base_MspInit                     0x08000b67   Thumb Code     2  stm32f4xx_hal_tim.o(i.HAL_TIM_Base_MspInit)
    HAL_TIM_Base_Start                       0x08000b69   Thumb Code    90  stm32f4xx_hal_tim.o(i.HAL_TIM_Base_Start)
    HAL_TIM_Base_Start_IT                    0x08000be1   Thumb Code   100  stm32f4xx_hal_tim.o(i.HAL_TIM_Base_Start_IT)
    HAL_TIM_IC_CaptureCallback               0x08000c61   Thumb Code     2  stm32f4xx_hal_tim.o(i.HAL_TIM_IC_CaptureCallback)
    HAL_TIM_IRQHandler                       0x08000c63   Thumb Code   304  stm32f4xx_hal_tim.o(i.HAL_TIM_IRQHandler)
    HAL_TIM_OC_DelayElapsedCallback          0x08000d93   Thumb Code     2  stm32f4xx_hal_tim.o(i.HAL_TIM_OC_DelayElapsedCallback)
    HAL_TIM_PWM_PulseFinishedCallback        0x08000d95   Thumb Code     2  stm32f4xx_hal_tim.o(i.HAL_TIM_PWM_PulseFinishedCallback)
    HAL_TIM_PeriodElapsedCallback            0x08000d99   Thumb Code    14  main.o(i.HAL_TIM_PeriodElapsedCallback)
    HAL_TIM_TriggerCallback                  0x08000dad   Thumb Code     2  stm32f4xx_hal_tim.o(i.HAL_TIM_TriggerCallback)
    HardFault_Handler                        0x08000daf   Thumb Code     2  stm32f4xx_it.o(i.HardFault_Handler)
    Key_Init                                 0x08000db1   Thumb Code    62  key.o(i.Key_Init)
    LED1_RGB_Init                            0x08000df9   Thumb Code    64  led.o(i.LED1_RGB_Init)
    LED1_RGB_ON                              0x08000e41   Thumb Code    16  led.o(i.LED1_RGB_ON)
    LL_ADC_CommonInit                        0x08000e55   Thumb Code    80  stm32f4xx_ll_adc.o(i.LL_ADC_CommonInit)
    LL_ADC_Init                              0x08000eb5   Thumb Code    48  stm32f4xx_ll_adc.o(i.LL_ADC_Init)
    LL_ADC_REG_Init                          0x08000ee9   Thumb Code    74  stm32f4xx_ll_adc.o(i.LL_ADC_REG_Init)
    LL_GPIO_Init                             0x08000ff9   Thumb Code   310  stm32f4xx_ll_gpio.o(i.LL_GPIO_Init)
    LL_SetSystemCoreClock                    0x08001131   Thumb Code     6  stm32f4xx_ll_utils.o(i.LL_SetSystemCoreClock)
    LL_TIM_Init                              0x0800113d   Thumb Code   156  stm32f4xx_ll_tim.o(i.LL_TIM_Init)
    LL_TIM_OC_Init                           0x080012ad   Thumb Code   446  stm32f4xx_ll_tim.o(i.LL_TIM_OC_Init)
    MX_FREERTOS_Init                         0x08001475   Thumb Code     4  freertos.o(i.MX_FREERTOS_Init)
    MX_GPIO_Init                             0x08001479   Thumb Code    18  gpio.o(i.MX_GPIO_Init)
    MemManage_Handler                        0x0800148b   Thumb Code     2  stm32f4xx_it.o(i.MemManage_Handler)
    NMI_Handler                              0x0800148d   Thumb Code     2  stm32f4xx_it.o(i.NMI_Handler)
    OLED_Clear                               0x08001491   Thumb Code    34  oled.o(i.OLED_Clear)
    OLED_GPIO_Init                           0x080014b9   Thumb Code    96  oled.o(i.OLED_GPIO_Init)
    OLED_I2C_SendByte                        0x08001521   Thumb Code    58  oled.o(i.OLED_I2C_SendByte)
    OLED_I2C_Start                           0x0800155b   Thumb Code    30  oled.o(i.OLED_I2C_Start)
    OLED_I2C_Stop                            0x08001579   Thumb Code    24  oled.o(i.OLED_I2C_Stop)
    OLED_Init                                0x08001591   Thumb Code   156  oled.o(i.OLED_Init)
    OLED_SetCursor                           0x0800162d   Thumb Code    34  oled.o(i.OLED_SetCursor)
    OLED_Update                              0x08001651   Thumb Code    34  oled.o(i.OLED_Update)
    OLED_W_SCL                               0x08001679   Thumb Code    24  oled.o(i.OLED_W_SCL)
    OLED_W_SDA                               0x08001695   Thumb Code    24  oled.o(i.OLED_W_SDA)
    OLED_WriteCommand                        0x080016b1   Thumb Code    34  oled.o(i.OLED_WriteCommand)
    OLED_WriteData                           0x080016d3   Thumb Code    48  oled.o(i.OLED_WriteData)
    PWM1_Disable                             0x08001705   Thumb Code    20  pwm1.o(i.PWM1_Disable)
    PWM1_Enable                              0x0800171d   Thumb Code    20  pwm1.o(i.PWM1_Enable)
    PWM1_Init                                0x08001735   Thumb Code   246  pwm1.o(i.PWM1_Init)
    PWM1_SetDutyCycle                        0x08001839   Thumb Code    26  pwm1.o(i.PWM1_SetDutyCycle)
    RGBLEDToggle_Task                        0x08001859   Thumb Code    30  user_tasksinit.o(i.RGBLEDToggle_Task)
    SysTick_Handler                          0x08001877   Thumb Code    26  cmsis_os2.o(i.SysTick_Handler)
    SystemClock_Config                       0x08001891   Thumb Code   188  main.o(i.SystemClock_Config)
    SystemInit                               0x08001965   Thumb Code    12  system_stm32f4xx.o(i.SystemInit)
    TIM4_IRQHandler                          0x08001975   Thumb Code     6  stm32f4xx_it.o(i.TIM4_IRQHandler)
    TIM6_DAC_IRQHandler                      0x08001981   Thumb Code    24  timer.o(i.TIM6_DAC_IRQHandler)
    TIM7_IRQHandler                          0x0800199d   Thumb Code    26  timer.o(i.TIM7_IRQHandler)
    TIM_Base_SetConfig                       0x080019e1   Thumb Code   170  stm32f4xx_hal_tim.o(i.TIM_Base_SetConfig)
    TaskTickHook                             0x08001ab9   Thumb Code     6  user_tasksinit.o(i.TaskTickHook)
    UltrasonicSend_Task                      0x08001abf   Thumb Code    14  user_ultrasonictxtask.o(i.UltrasonicSend_Task)
    UltrasonicTX_Init                        0x08001acd   Thumb Code    24  ultrasonic.o(i.UltrasonicTX_Init)
    UltrasonicTX_Set                         0x08001ae5   Thumb Code     4  ultrasonic.o(i.UltrasonicTX_Set)
    Ultrasonic_GetTxFlag                     0x08001ae9   Thumb Code    20  ultrasonic.o(i.Ultrasonic_GetTxFlag)
    Ultrasonic_GiveTxNum                     0x08001b01   Thumb Code    10  ultrasonic.o(i.Ultrasonic_GiveTxNum)
    Ultrasonic_Send_Task                     0x08001b11   Thumb Code   106  ultrasonic.o(i.Ultrasonic_Send_Task)
    UsageFault_Handler                       0x08001b81   Thumb Code     2  stm32f4xx_it.o(i.UsageFault_Handler)
    User_GPIOC1_Init                         0x08001b85   Thumb Code    52  user_gpio.o(i.User_GPIOC1_Init)
    User_Tasks_Init                          0x08001bbd   Thumb Code    66  user_tasksinit.o(i.User_Tasks_Init)
    XPCollection_Task                        0x08001c4d   Thumb Code    22  user_ultrasonictxtask.o(i.XPCollection_Task)
    __0printf                                0x08001c65   Thumb Code    22  printfa.o(i.__0printf)
    __1printf                                0x08001c65   Thumb Code     0  printfa.o(i.__0printf)
    __2printf                                0x08001c65   Thumb Code     0  printfa.o(i.__0printf)
    __c89printf                              0x08001c65   Thumb Code     0  printfa.o(i.__0printf)
    printf                                   0x08001c65   Thumb Code     0  printfa.o(i.__0printf)
    __scatterload_copy                       0x08001ca5   Thumb Code    14  handlers.o(i.__scatterload_copy)
    __scatterload_null                       0x08001cb3   Thumb Code     2  handlers.o(i.__scatterload_null)
    __scatterload_zeroinit                   0x08001cb5   Thumb Code    14  handlers.o(i.__scatterload_zeroinit)
    delay_init                               0x08002559   Thumb Code    64  delay.o(i.delay_init)
    delay_us                                 0x080025a5   Thumb Code    40  delay.o(i.delay_us)
    fputc                                    0x080025d1   Thumb Code    18  usart.o(i.fputc)
    lv_tick_inc                              0x080025e9   Thumb Code    14  lv_hal_tick.o(i.lv_tick_inc)
    main                                     0x080025fd   Thumb Code    40  main.o(i.main)
    osKernelInitialize                       0x08002625   Thumb Code    32  cmsis_os2.o(i.osKernelInitialize)
    pvPortMalloc                             0x08002ddd   Thumb Code   216  heap_4.o(i.pvPortMalloc)
    pxPortInitialiseStack                    0x08002eb9   Thumb Code    40  port.o(i.pxPortInitialiseStack)
    uxListRemove                             0x08002ee5   Thumb Code    38  list.o(i.uxListRemove)
    vApplicationGetIdleTaskMemory            0x08002f0d   Thumb Code    16  cmsis_os2.o(i.vApplicationGetIdleTaskMemory)
    vApplicationGetTimerTaskMemory           0x08002f21   Thumb Code    18  cmsis_os2.o(i.vApplicationGetTimerTaskMemory)
    vApplicationTickHook                     0x08002f39   Thumb Code     4  freertos.o(i.vApplicationTickHook)
    vListInitialise                          0x08002f3d   Thumb Code    22  list.o(i.vListInitialise)
    vListInitialiseItem                      0x08002f53   Thumb Code     6  list.o(i.vListInitialiseItem)
    vListInsert                              0x08002f59   Thumb Code    48  list.o(i.vListInsert)
    vListInsertEnd                           0x08002f89   Thumb Code    24  list.o(i.vListInsertEnd)
    vPortEnterCritical                       0x08002fa1   Thumb Code    54  port.o(i.vPortEnterCritical)
    vPortExitCritical                        0x08002fe1   Thumb Code    34  port.o(i.vPortExitCritical)
    vPortFree                                0x08003009   Thumb Code    94  heap_4.o(i.vPortFree)
    vPortSetupTimerInterrupt                 0x0800306d   Thumb Code    32  port.o(i.vPortSetupTimerInterrupt)
    vPortValidateInterruptPriority           0x08003091   Thumb Code    74  port.o(i.vPortValidateInterruptPriority)
    vQueueAddToRegistry                      0x080030e5   Thumb Code    34  queue.o(i.vQueueAddToRegistry)
    vQueueWaitForMessageRestricted           0x0800310d   Thumb Code    68  queue.o(i.vQueueWaitForMessageRestricted)
    vTaskDelay                               0x08003151   Thumb Code    66  tasks.o(i.vTaskDelay)
    vTaskInternalSetTimeOutState             0x0800319d   Thumb Code    12  tasks.o(i.vTaskInternalSetTimeOutState)
    vTaskMissedYield                         0x080031ad   Thumb Code     8  tasks.o(i.vTaskMissedYield)
    vTaskPlaceOnEventList                    0x080031b9   Thumb Code    44  tasks.o(i.vTaskPlaceOnEventList)
    vTaskPlaceOnEventListRestricted          0x080031e9   Thumb Code    52  tasks.o(i.vTaskPlaceOnEventListRestricted)
    vTaskStartScheduler                      0x08003221   Thumb Code   118  tasks.o(i.vTaskStartScheduler)
    vTaskSuspendAll                          0x080032a9   Thumb Code    10  tasks.o(i.vTaskSuspendAll)
    vTaskSwitchContext                       0x080032b9   Thumb Code    90  tasks.o(i.vTaskSwitchContext)
    xPortStartScheduler                      0x0800331d   Thumb Code   222  port.o(i.xPortStartScheduler)
    xPortSysTickHandler                      0x08003411   Thumb Code    38  port.o(i.xPortSysTickHandler)
    xQueueGenericCreateStatic                0x0800343d   Thumb Code   102  queue.o(i.xQueueGenericCreateStatic)
    xQueueGenericReset                       0x080034a5   Thumb Code   132  queue.o(i.xQueueGenericReset)
    xQueueGenericSend                        0x0800352d   Thumb Code   346  queue.o(i.xQueueGenericSend)
    xQueueGenericSendFromISR                 0x0800368d   Thumb Code   190  queue.o(i.xQueueGenericSendFromISR)
    xQueueReceive                            0x0800374d   Thumb Code   308  queue.o(i.xQueueReceive)
    xTaskCheckForTimeOut                     0x08003885   Thumb Code   112  tasks.o(i.xTaskCheckForTimeOut)
    xTaskCreate                              0x080038f9   Thumb Code    90  tasks.o(i.xTaskCreate)
    xTaskCreateStatic                        0x08003953   Thumb Code    86  tasks.o(i.xTaskCreateStatic)
    xTaskGetSchedulerState                   0x080039a9   Thumb Code    22  tasks.o(i.xTaskGetSchedulerState)
    xTaskGetTickCount                        0x080039c5   Thumb Code     6  tasks.o(i.xTaskGetTickCount)
    xTaskIncrementTick                       0x080039d1   Thumb Code   206  tasks.o(i.xTaskIncrementTick)
    xTaskPriorityDisinherit                  0x08003aa9   Thumb Code   118  tasks.o(i.xTaskPriorityDisinherit)
    xTaskRemoveFromEventList                 0x08003b29   Thumb Code    98  tasks.o(i.xTaskRemoveFromEventList)
    xTaskResumeAll                           0x08003b99   Thumb Code   182  tasks.o(i.xTaskResumeAll)
    xTimerCreateTimerTask                    0x08003c5d   Thumb Code    78  timers.o(i.xTimerCreateTimerTask)
    xTimerGenericCommand                     0x08003cbd   Thumb Code    98  timers.o(i.xTimerGenericCommand)
    APBPrescTable                            0x08003d32   Data           8  system_stm32f4xx.o(.constdata)
    Region$$Table$$Base                      0x08003d3c   Number         0  anon$$obj.o(Region$$Table)
    Region$$Table$$Limit                     0x08003d5c   Number         0  anon$$obj.o(Region$$Table)
    uwTickFreq                               0x20000000   Data           1  stm32f4xx_hal.o(.data)
    uwTickPrio                               0x20000004   Data           4  stm32f4xx_hal.o(.data)
    uwTick                                   0x20000008   Data           4  stm32f4xx_hal.o(.data)
    SystemCoreClock                          0x2000000c   Data           4  system_stm32f4xx.o(.data)
    pxCurrentTCB                             0x20000010   Data           4  tasks.o(.data)
    Ultrasonic_TxFlag                        0x20000090   Data           1  ultrasonic.o(.data)
    Ultrasonic_RxFlag                        0x20000091   Data           1  ultrasonic.o(.data)
    Ultrasonic_TxNum                         0x20000092   Data           1  ultrasonic.o(.data)
    RGBLEDToggle_Task_Handle                 0x2000009c   Data           4  user_tasksinit.o(.data)
    XPCollection_Task_Handle                 0x200000a0   Data           4  user_tasksinit.o(.data)
    UltrasonicSend_Task_Handle               0x200000a4   Data           4  user_tasksinit.o(.data)
    xMutex                                   0x200000a8   Data           4  user_tasksinit.o(.data)
    __stdout                                 0x200000b4   Data           4  stdout.o(.data)
    htim4                                    0x200000b8   Data          72  stm32f4xx_hal_timebase_tim.o(.bss)
    xQueueRegistry                           0x20000100   Data          64  queue.o(.bss)
    OLED_DisplayBuf                          0x200049d4   Data        1024  oled.o(.bss)
    __initial_sp                             0x200051d8   Data           0  startup_stm32f407xx.o(STACK)



==============================================================================

Memory Map of the image

  Image Entry point : 0x08000189

  Load Region LR_IROM1 (Base: 0x08000000, Size: 0x00003e14, Max: 0x00100000, ABSOLUTE)

    Execution Region ER_IROM1 (Exec base: 0x08000000, Load base: 0x08000000, Size: 0x00003d5c, Max: 0x00100000, ABSOLUTE)

    Exec Addr    Load Addr    Size         Type   Attr      Idx    E Section Name        Object

    0x08000000   0x08000000   0x00000188   Data   RO            3    RESET               startup_stm32f407xx.o
    0x08000188   0x08000188   0x00000000   Code   RO        34028  * .ARM.Collect$$$$00000000  mc_w.l(entry.o)
    0x08000188   0x08000188   0x00000004   Code   RO        34377    .ARM.Collect$$$$00000001  mc_w.l(entry2.o)
    0x0800018c   0x0800018c   0x00000004   Code   RO        34380    .ARM.Collect$$$$00000004  mc_w.l(entry5.o)
    0x08000190   0x08000190   0x00000000   Code   RO        34382    .ARM.Collect$$$$00000008  mc_w.l(entry7b.o)
    0x08000190   0x08000190   0x00000000   Code   RO        34384    .ARM.Collect$$$$0000000A  mc_w.l(entry8b.o)
    0x08000190   0x08000190   0x00000008   Code   RO        34385    .ARM.Collect$$$$0000000B  mc_w.l(entry9a.o)
    0x08000198   0x08000198   0x00000000   Code   RO        34387    .ARM.Collect$$$$0000000D  mc_w.l(entry10a.o)
    0x08000198   0x08000198   0x00000000   Code   RO        34389    .ARM.Collect$$$$0000000F  mc_w.l(entry11a.o)
    0x08000198   0x08000198   0x00000004   Code   RO        34378    .ARM.Collect$$$$00002712  mc_w.l(entry2.o)
    0x0800019c   0x0800019c   0x000000be   Code   RO         5688    .emb_text           port.o
    0x0800025a   0x0800025a   0x00000002   PAD
    0x0800025c   0x0800025c   0x00000024   Code   RO            4    .text               startup_stm32f407xx.o
    0x08000280   0x08000280   0x00000062   Code   RO        34031    .text               mc_w.l(uldiv.o)
    0x080002e2   0x080002e2   0x00000040   Code   RO        34037    .text               mc_w.l(memmovea.o)
    0x08000322   0x08000322   0x00000024   Code   RO        34041    .text               mc_w.l(memseta.o)
    0x08000346   0x08000346   0x0000014e   Code   RO        34320    .text               mf_w.l(dadd.o)
    0x08000494   0x08000494   0x000000e4   Code   RO        34322    .text               mf_w.l(dmul.o)
    0x08000578   0x08000578   0x000000de   Code   RO        34324    .text               mf_w.l(ddiv.o)
    0x08000656   0x08000656   0x00000002   PAD
    0x08000658   0x08000658   0x00000030   Code   RO        34338    .text               mf_w.l(cdrcmple.o)
    0x08000688   0x08000688   0x0000002c   Code   RO        34392    .text               mc_w.l(uidiv.o)
    0x080006b4   0x080006b4   0x0000001e   Code   RO        34394    .text               mc_w.l(llshl.o)
    0x080006d2   0x080006d2   0x00000020   Code   RO        34396    .text               mc_w.l(llushr.o)
    0x080006f2   0x080006f2   0x00000024   Code   RO        34398    .text               mc_w.l(llsshr.o)
    0x08000716   0x08000716   0x00000000   Code   RO        34407    .text               mc_w.l(iusefp.o)
    0x08000716   0x08000716   0x000000ba   Code   RO        34410    .text               mf_w.l(depilogue.o)
    0x080007d0   0x080007d0   0x00000030   Code   RO        34414    .text               mf_w.l(dfixul.o)
    0x08000800   0x08000800   0x00000024   Code   RO        34420    .text               mc_w.l(init.o)
    0x08000824   0x08000824   0x000000cc   Code   RO         5819    i.ADC1_Init         atod.o
    0x080008f0   0x080008f0   0x00000002   Code   RO          775    i.BusFault_Handler  stm32f4xx_it.o
    0x080008f2   0x080008f2   0x00000002   Code   RO          776    i.DebugMon_Handler  stm32f4xx_it.o
    0x080008f4   0x080008f4   0x00000020   Code   RO         6629    i.EXTI15_10_IRQHandler  ultrasonic.o
    0x08000914   0x08000914   0x00000010   Code   RO         2376    i.HAL_IncTick       stm32f4xx_hal.o
    0x08000924   0x08000924   0x00000034   Code   RO         2377    i.HAL_Init          stm32f4xx_hal.o
    0x08000958   0x08000958   0x00000098   Code   RO          863    i.HAL_InitTick      stm32f4xx_hal_timebase_tim.o
    0x080009f0   0x080009f0   0x00000038   Code   RO          839    i.HAL_MspInit       stm32f4xx_hal_msp.o
    0x08000a28   0x08000a28   0x0000001a   Code   RO         2212    i.HAL_NVIC_EnableIRQ  stm32f4xx_hal_cortex.o
    0x08000a42   0x08000a42   0x00000002   PAD
    0x08000a44   0x08000a44   0x00000040   Code   RO         2218    i.HAL_NVIC_SetPriority  stm32f4xx_hal_cortex.o
    0x08000a84   0x08000a84   0x00000024   Code   RO         2219    i.HAL_NVIC_SetPriorityGrouping  stm32f4xx_hal_cortex.o
    0x08000aa8   0x08000aa8   0x00000040   Code   RO         1470    i.HAL_RCC_GetClockConfig  stm32f4xx_hal_rcc.o
    0x08000ae8   0x08000ae8   0x00000020   Code   RO         1473    i.HAL_RCC_GetPCLK1Freq  stm32f4xx_hal_rcc.o
    0x08000b08   0x08000b08   0x00000002   Code   RO         3321    i.HAL_TIMEx_BreakCallback  stm32f4xx_hal_tim_ex.o
    0x08000b0a   0x08000b0a   0x00000002   Code   RO         3322    i.HAL_TIMEx_CommutCallback  stm32f4xx_hal_tim_ex.o
    0x08000b0c   0x08000b0c   0x0000005a   Code   RO         2617    i.HAL_TIM_Base_Init  stm32f4xx_hal_tim.o
    0x08000b66   0x08000b66   0x00000002   Code   RO         2619    i.HAL_TIM_Base_MspInit  stm32f4xx_hal_tim.o
    0x08000b68   0x08000b68   0x00000078   Code   RO         2620    i.HAL_TIM_Base_Start  stm32f4xx_hal_tim.o
    0x08000be0   0x08000be0   0x00000080   Code   RO         2622    i.HAL_TIM_Base_Start_IT  stm32f4xx_hal_tim.o
    0x08000c60   0x08000c60   0x00000002   Code   RO         2651    i.HAL_TIM_IC_CaptureCallback  stm32f4xx_hal_tim.o
    0x08000c62   0x08000c62   0x00000130   Code   RO         2665    i.HAL_TIM_IRQHandler  stm32f4xx_hal_tim.o
    0x08000d92   0x08000d92   0x00000002   Code   RO         2668    i.HAL_TIM_OC_DelayElapsedCallback  stm32f4xx_hal_tim.o
    0x08000d94   0x08000d94   0x00000002   Code   RO         2695    i.HAL_TIM_PWM_PulseFinishedCallback  stm32f4xx_hal_tim.o
    0x08000d96   0x08000d96   0x00000002   PAD
    0x08000d98   0x08000d98   0x00000014   Code   RO           14    i.HAL_TIM_PeriodElapsedCallback  main.o
    0x08000dac   0x08000dac   0x00000002   Code   RO         2708    i.HAL_TIM_TriggerCallback  stm32f4xx_hal_tim.o
    0x08000dae   0x08000dae   0x00000002   Code   RO          777    i.HardFault_Handler  stm32f4xx_it.o
    0x08000db0   0x08000db0   0x00000048   Code   RO         5772    i.Key_Init          key.o
    0x08000df8   0x08000df8   0x00000048   Code   RO         6137    i.LED1_RGB_Init     led.o
    0x08000e40   0x08000e40   0x00000014   Code   RO         6139    i.LED1_RGB_ON       led.o
    0x08000e54   0x08000e54   0x00000060   Code   RO         3823    i.LL_ADC_CommonInit  stm32f4xx_ll_adc.o
    0x08000eb4   0x08000eb4   0x00000034   Code   RO         3828    i.LL_ADC_Init       stm32f4xx_ll_adc.o
    0x08000ee8   0x08000ee8   0x00000050   Code   RO         3829    i.LL_ADC_REG_Init   stm32f4xx_ll_adc.o
    0x08000f38   0x08000f38   0x00000030   Code   RO         5820    i.LL_ADC_REG_SetSequencerRanks  atod.o
    0x08000f68   0x08000f68   0x00000046   Code   RO         5821    i.LL_ADC_SetChannelSamplingTime  atod.o
    0x08000fae   0x08000fae   0x00000002   PAD
    0x08000fb0   0x08000fb0   0x00000018   Code   RO          640    i.LL_AHB1_GRP1_EnableClock  gpio.o
    0x08000fc8   0x08000fc8   0x00000018   Code   RO         1142    i.LL_AHB1_GRP1_EnableClock  user_gpio.o
    0x08000fe0   0x08000fe0   0x00000018   Code   RO         5773    i.LL_AHB1_GRP1_EnableClock  key.o
    0x08000ff8   0x08000ff8   0x00000136   Code   RO         1193    i.LL_GPIO_Init      stm32f4xx_ll_gpio.o
    0x0800112e   0x0800112e   0x00000002   PAD
    0x08001130   0x08001130   0x0000000c   Code   RO         1348    i.LL_SetSystemCoreClock  stm32f4xx_ll_utils.o
    0x0800113c   0x0800113c   0x000000c8   Code   RO         3716    i.LL_TIM_Init       stm32f4xx_ll_tim.o
    0x08001204   0x08001204   0x00000054   Code   RO          977    i.LL_TIM_OC_DisableFast  pwm1.o
    0x08001258   0x08001258   0x00000054   Code   RO          978    i.LL_TIM_OC_EnablePreload  pwm1.o
    0x080012ac   0x080012ac   0x000001c8   Code   RO         3717    i.LL_TIM_OC_Init    stm32f4xx_ll_tim.o
    0x08001474   0x08001474   0x00000004   Code   RO          681    i.MX_FREERTOS_Init  freertos.o
    0x08001478   0x08001478   0x00000012   Code   RO          641    i.MX_GPIO_Init      gpio.o
    0x0800148a   0x0800148a   0x00000002   Code   RO          778    i.MemManage_Handler  stm32f4xx_it.o
    0x0800148c   0x0800148c   0x00000002   Code   RO          779    i.NMI_Handler       stm32f4xx_it.o
    0x0800148e   0x0800148e   0x00000002   PAD
    0x08001490   0x08001490   0x00000028   Code   RO         5879    i.OLED_Clear        oled.o
    0x080014b8   0x080014b8   0x00000068   Code   RO         5888    i.OLED_GPIO_Init    oled.o
    0x08001520   0x08001520   0x0000003a   Code   RO         5890    i.OLED_I2C_SendByte  oled.o
    0x0800155a   0x0800155a   0x0000001e   Code   RO         5891    i.OLED_I2C_Start    oled.o
    0x08001578   0x08001578   0x00000018   Code   RO         5892    i.OLED_I2C_Stop     oled.o
    0x08001590   0x08001590   0x0000009c   Code   RO         5893    i.OLED_Init         oled.o
    0x0800162c   0x0800162c   0x00000022   Code   RO         5899    i.OLED_SetCursor    oled.o
    0x0800164e   0x0800164e   0x00000002   PAD
    0x08001650   0x08001650   0x00000028   Code   RO         5908    i.OLED_Update       oled.o
    0x08001678   0x08001678   0x0000001c   Code   RO         5910    i.OLED_W_SCL        oled.o
    0x08001694   0x08001694   0x0000001c   Code   RO         5911    i.OLED_W_SDA        oled.o
    0x080016b0   0x080016b0   0x00000022   Code   RO         5912    i.OLED_WriteCommand  oled.o
    0x080016d2   0x080016d2   0x00000030   Code   RO         5913    i.OLED_WriteData    oled.o
    0x08001702   0x08001702   0x00000002   PAD
    0x08001704   0x08001704   0x00000018   Code   RO          979    i.PWM1_Disable      pwm1.o
    0x0800171c   0x0800171c   0x00000018   Code   RO          980    i.PWM1_Enable       pwm1.o
    0x08001734   0x08001734   0x00000104   Code   RO          981    i.PWM1_Init         pwm1.o
    0x08001838   0x08001838   0x00000020   Code   RO          982    i.PWM1_SetDutyCycle  pwm1.o
    0x08001858   0x08001858   0x0000001e   Code   RO         6771    i.RGBLEDToggle_Task  user_tasksinit.o
    0x08001876   0x08001876   0x0000001a   Code   RO         5117    i.SysTick_Handler   cmsis_os2.o
    0x08001890   0x08001890   0x000000d4   Code   RO           15    i.SystemClock_Config  main.o
    0x08001964   0x08001964   0x00000010   Code   RO         3976    i.SystemInit        system_stm32f4xx.o
    0x08001974   0x08001974   0x0000000c   Code   RO          780    i.TIM4_IRQHandler   stm32f4xx_it.o
    0x08001980   0x08001980   0x0000001c   Code   RO          904    i.TIM6_DAC_IRQHandler  timer.o
    0x0800199c   0x0800199c   0x00000044   Code   RO          906    i.TIM7_IRQHandler   timer.o
    0x080019e0   0x080019e0   0x000000d8   Code   RO         2710    i.TIM_Base_SetConfig  stm32f4xx_hal_tim.o
    0x08001ab8   0x08001ab8   0x00000006   Code   RO         6772    i.TaskTickHook      user_tasksinit.o
    0x08001abe   0x08001abe   0x0000000e   Code   RO         6843    i.UltrasonicSend_Task  user_ultrasonictxtask.o
    0x08001acc   0x08001acc   0x00000018   Code   RO         6632    i.UltrasonicTX_Init  ultrasonic.o
    0x08001ae4   0x08001ae4   0x00000004   Code   RO         6634    i.UltrasonicTX_Set  ultrasonic.o
    0x08001ae8   0x08001ae8   0x00000018   Code   RO         6636    i.Ultrasonic_GetTxFlag  ultrasonic.o
    0x08001b00   0x08001b00   0x00000010   Code   RO         6638    i.Ultrasonic_GiveTxNum  ultrasonic.o
    0x08001b10   0x08001b10   0x00000070   Code   RO         6641    i.Ultrasonic_Send_Task  ultrasonic.o
    0x08001b80   0x08001b80   0x00000002   Code   RO          781    i.UsageFault_Handler  stm32f4xx_it.o
    0x08001b82   0x08001b82   0x00000002   PAD
    0x08001b84   0x08001b84   0x00000038   Code   RO         1144    i.User_GPIOC1_Init  user_gpio.o
    0x08001bbc   0x08001bbc   0x00000090   Code   RO         6773    i.User_Tasks_Init   user_tasksinit.o
    0x08001c4c   0x08001c4c   0x00000016   Code   RO         6844    i.XPCollection_Task  user_ultrasonictxtask.o
    0x08001c62   0x08001c62   0x00000002   PAD
    0x08001c64   0x08001c64   0x00000020   Code   RO        34292    i.__0printf         mc_w.l(printfa.o)
    0x08001c84   0x08001c84   0x00000020   Code   RO         2225    i.__NVIC_SetPriority  stm32f4xx_hal_cortex.o
    0x08001ca4   0x08001ca4   0x0000000e   Code   RO        34424    i.__scatterload_copy  mc_w.l(handlers.o)
    0x08001cb2   0x08001cb2   0x00000002   Code   RO        34425    i.__scatterload_null  mc_w.l(handlers.o)
    0x08001cb4   0x08001cb4   0x0000000e   Code   RO        34426    i.__scatterload_zeroinit  mc_w.l(handlers.o)
    0x08001cc2   0x08001cc2   0x00000002   PAD
    0x08001cc4   0x08001cc4   0x00000164   Code   RO        34299    i._fp_digits        mc_w.l(printfa.o)
    0x08001e28   0x08001e28   0x000006dc   Code   RO        34300    i._printf_core      mc_w.l(printfa.o)
    0x08002504   0x08002504   0x00000024   Code   RO        34301    i._printf_post_padding  mc_w.l(printfa.o)
    0x08002528   0x08002528   0x0000002e   Code   RO        34302    i._printf_pre_padding  mc_w.l(printfa.o)
    0x08002556   0x08002556   0x00000002   PAD
    0x08002558   0x08002558   0x0000004c   Code   RO         6731    i.delay_init        delay.o
    0x080025a4   0x080025a4   0x0000002c   Code   RO         6733    i.delay_us          delay.o
    0x080025d0   0x080025d0   0x00000018   Code   RO          740    i.fputc             usart.o
    0x080025e8   0x080025e8   0x00000014   Code   RO        28700    i.lv_tick_inc       lv_hal_tick.o
    0x080025fc   0x080025fc   0x00000028   Code   RO           16    i.main              main.o
    0x08002624   0x08002624   0x00000024   Code   RO         5133    i.osKernelInitialize  cmsis_os2.o
    0x08002648   0x08002648   0x0000005c   Code   RO         4581    i.prvAddCurrentTaskToDelayedList  tasks.o
    0x080026a4   0x080026a4   0x000000d0   Code   RO         4582    i.prvAddNewTaskToReadyList  tasks.o
    0x08002774   0x08002774   0x00000058   Code   RO         4946    i.prvCheckForValidListAndQueue  timers.o
    0x080027cc   0x080027cc   0x00000026   Code   RO         4178    i.prvCopyDataFromQueue  queue.o
    0x080027f2   0x080027f2   0x0000006c   Code   RO         4179    i.prvCopyDataToQueue  queue.o
    0x0800285e   0x0800285e   0x00000034   Code   RO         4583    i.prvDeleteTCB      tasks.o
    0x08002892   0x08002892   0x00000002   PAD
    0x08002894   0x08002894   0x0000004c   Code   RO         5633    i.prvHeapInit       heap_4.o
    0x080028e0   0x080028e0   0x00000060   Code   RO         4584    i.prvIdleTask       tasks.o
    0x08002940   0x08002940   0x00000022   Code   RO         4181    i.prvInitialiseNewQueue  queue.o
    0x08002962   0x08002962   0x00000002   PAD
    0x08002964   0x08002964   0x000000b0   Code   RO         4585    i.prvInitialiseNewTask  tasks.o
    0x08002a14   0x08002a14   0x0000004c   Code   RO         5634    i.prvInsertBlockIntoFreeList  heap_4.o
    0x08002a60   0x08002a60   0x00000038   Code   RO         4948    i.prvInsertTimerInActiveList  timers.o
    0x08002a98   0x08002a98   0x0000001c   Code   RO         4182    i.prvIsQueueEmpty   queue.o
    0x08002ab4   0x08002ab4   0x000000fc   Code   RO         4949    i.prvProcessReceivedCommands  timers.o
    0x08002bb0   0x08002bb0   0x000000c0   Code   RO         4950    i.prvProcessTimerOrBlockTask  timers.o
    0x08002c70   0x08002c70   0x00000020   Code   RO         4587    i.prvResetNextTaskUnblockTime  tasks.o
    0x08002c90   0x08002c90   0x00000028   Code   RO         4951    i.prvSampleTimeNow  timers.o
    0x08002cb8   0x08002cb8   0x0000006c   Code   RO         4952    i.prvSwitchTimerLists  timers.o
    0x08002d24   0x08002d24   0x00000028   Code   RO         5689    i.prvTaskExitError  port.o
    0x08002d4c   0x08002d4c   0x00000024   Code   RO         4953    i.prvTimerTask      timers.o
    0x08002d70   0x08002d70   0x0000006a   Code   RO         4183    i.prvUnlockQueue    queue.o
    0x08002dda   0x08002dda   0x00000002   PAD
    0x08002ddc   0x08002ddc   0x000000dc   Code   RO         5635    i.pvPortMalloc      heap_4.o
    0x08002eb8   0x08002eb8   0x0000002c   Code   RO         5690    i.pxPortInitialiseStack  port.o
    0x08002ee4   0x08002ee4   0x00000026   Code   RO         4138    i.uxListRemove      list.o
    0x08002f0a   0x08002f0a   0x00000002   PAD
    0x08002f0c   0x08002f0c   0x00000014   Code   RO         5190    i.vApplicationGetIdleTaskMemory  cmsis_os2.o
    0x08002f20   0x08002f20   0x00000018   Code   RO         5191    i.vApplicationGetTimerTaskMemory  cmsis_os2.o
    0x08002f38   0x08002f38   0x00000004   Code   RO          682    i.vApplicationTickHook  freertos.o
    0x08002f3c   0x08002f3c   0x00000016   Code   RO         4139    i.vListInitialise   list.o
    0x08002f52   0x08002f52   0x00000006   Code   RO         4140    i.vListInitialiseItem  list.o
    0x08002f58   0x08002f58   0x00000030   Code   RO         4141    i.vListInsert       list.o
    0x08002f88   0x08002f88   0x00000018   Code   RO         4142    i.vListInsertEnd    list.o
    0x08002fa0   0x08002fa0   0x00000040   Code   RO         5692    i.vPortEnterCritical  port.o
    0x08002fe0   0x08002fe0   0x00000028   Code   RO         5693    i.vPortExitCritical  port.o
    0x08003008   0x08003008   0x00000064   Code   RO         5636    i.vPortFree         heap_4.o
    0x0800306c   0x0800306c   0x00000024   Code   RO         5694    i.vPortSetupTimerInterrupt  port.o
    0x08003090   0x08003090   0x00000054   Code   RO         5695    i.vPortValidateInterruptPriority  port.o
    0x080030e4   0x080030e4   0x00000028   Code   RO         4189    i.vQueueAddToRegistry  queue.o
    0x0800310c   0x0800310c   0x00000044   Code   RO         4193    i.vQueueWaitForMessageRestricted  queue.o
    0x08003150   0x08003150   0x0000004c   Code   RO         4600    i.vTaskDelay        tasks.o
    0x0800319c   0x0800319c   0x00000010   Code   RO         4605    i.vTaskInternalSetTimeOutState  tasks.o
    0x080031ac   0x080031ac   0x0000000c   Code   RO         4606    i.vTaskMissedYield  tasks.o
    0x080031b8   0x080031b8   0x00000030   Code   RO         4608    i.vTaskPlaceOnEventList  tasks.o
    0x080031e8   0x080031e8   0x00000038   Code   RO         4609    i.vTaskPlaceOnEventListRestricted  tasks.o
    0x08003220   0x08003220   0x00000088   Code   RO         4617    i.vTaskStartScheduler  tasks.o
    0x080032a8   0x080032a8   0x00000010   Code   RO         4619    i.vTaskSuspendAll   tasks.o
    0x080032b8   0x080032b8   0x00000064   Code   RO         4620    i.vTaskSwitchContext  tasks.o
    0x0800331c   0x0800331c   0x000000f4   Code   RO         5696    i.xPortStartScheduler  port.o
    0x08003410   0x08003410   0x0000002c   Code   RO         5697    i.xPortSysTickHandler  port.o
    0x0800343c   0x0800343c   0x00000066   Code   RO         4199    i.xQueueGenericCreateStatic  queue.o
    0x080034a2   0x080034a2   0x00000002   PAD
    0x080034a4   0x080034a4   0x00000088   Code   RO         4200    i.xQueueGenericReset  queue.o
    0x0800352c   0x0800352c   0x00000160   Code   RO         4201    i.xQueueGenericSend  queue.o
    0x0800368c   0x0800368c   0x000000be   Code   RO         4202    i.xQueueGenericSendFromISR  queue.o
    0x0800374a   0x0800374a   0x00000002   PAD
    0x0800374c   0x0800374c   0x00000138   Code   RO         4211    i.xQueueReceive     queue.o
    0x08003884   0x08003884   0x00000074   Code   RO         4622    i.xTaskCheckForTimeOut  tasks.o
    0x080038f8   0x080038f8   0x0000005a   Code   RO         4623    i.xTaskCreate       tasks.o
    0x08003952   0x08003952   0x00000056   Code   RO         4624    i.xTaskCreateStatic  tasks.o
    0x080039a8   0x080039a8   0x0000001c   Code   RO         4628    i.xTaskGetSchedulerState  tasks.o
    0x080039c4   0x080039c4   0x0000000c   Code   RO         4629    i.xTaskGetTickCount  tasks.o
    0x080039d0   0x080039d0   0x000000d8   Code   RO         4631    i.xTaskIncrementTick  tasks.o
    0x08003aa8   0x08003aa8   0x00000080   Code   RO         4634    i.xTaskPriorityDisinherit  tasks.o
    0x08003b28   0x08003b28   0x00000070   Code   RO         4636    i.xTaskRemoveFromEventList  tasks.o
    0x08003b98   0x08003b98   0x000000c4   Code   RO         4637    i.xTaskResumeAll    tasks.o
    0x08003c5c   0x08003c5c   0x00000060   Code   RO         4962    i.xTimerCreateTimerTask  timers.o
    0x08003cbc   0x08003cbc   0x00000068   Code   RO         4963    i.xTimerGenericCommand  timers.o
    0x08003d24   0x08003d24   0x0000000e   Data   RO          983    .constdata          pwm1.o
    0x08003d32   0x08003d32   0x00000008   Data   RO         3978    .constdata          system_stm32f4xx.o
    0x08003d3a   0x08003d3a   0x00000002   PAD
    0x08003d3c   0x08003d3c   0x00000020   Data   RO        34422    Region$$Table       anon$$obj.o


    Execution Region RW_IRAM1 (Exec base: 0x20000000, Load base: 0x08003d5c, Size: 0x000051d8, Max: 0x0001c000, ABSOLUTE)

    Exec Addr    Load Addr    Size         Type   Attr      Idx    E Section Name        Object

    0x20000000   0x08003d5c   0x0000000c   Data   RW         2384    .data               stm32f4xx_hal.o
    0x2000000c   0x08003d68   0x00000004   Data   RW         3979    .data               system_stm32f4xx.o
    0x20000010   0x08003d6c   0x0000003c   Data   RW         4640    .data               tasks.o
    0x2000004c   0x08003da8   0x00000014   Data   RW         4971    .data               timers.o
    0x20000060   0x08003dbc   0x00000004   Data   RW         5194    .data               cmsis_os2.o
    0x20000064   0x08003dc0   0x00000020   Data   RW         5642    .data               heap_4.o
    0x20000084   0x08003de0   0x0000000c   Data   RW         5698    .data               port.o
    0x20000090   0x08003dec   0x00000008   Data   RW         6642    .data               ultrasonic.o
    0x20000098   0x08003df4   0x00000004   Data   RW         6734    .data               delay.o
    0x2000009c   0x08003df8   0x00000010   Data   RW         6774    .data               user_tasksinit.o
    0x200000ac   0x08003e08   0x00000008   Data   RW        28701    .data               lv_hal_tick.o
    0x200000b4   0x08003e10   0x00000004   Data   RW        34391    .data               mc_w.l(stdout.o)
    0x200000b8        -       0x00000048   Zero   RW          866    .bss                stm32f4xx_hal_timebase_tim.o
    0x20000100        -       0x00000040   Zero   RW         4215    .bss                queue.o
    0x20000140        -       0x000004c4   Zero   RW         4639    .bss                tasks.o
    0x20000604        -       0x00000118   Zero   RW         4970    .bss                timers.o
    0x2000071c        -       0x000006b8   Zero   RW         5193    .bss                cmsis_os2.o
    0x20000dd4        -       0x00003c00   Zero   RW         5641    .bss                heap_4.o
    0x200049d4        -       0x00000400   Zero   RW         5915    .bss                oled.o
    0x20004dd4   0x08003e14   0x00000004   PAD
    0x20004dd8        -       0x00000400   Zero   RW            1    STACK               startup_stm32f407xx.o


    Execution Region RW_IRAM2 (Exec base: 0x2001c000, Load base: 0x08003e14, Size: 0x00000000, Max: 0x00004000, ABSOLUTE)

    **** No section assigned to this execution region ****


==============================================================================

Image component sizes


      Code (inc. data)   RO Data    RW Data    ZI Data      Debug   Object Name

       322         20          0          0          0      43808   atod.o
       106         14          0          4       1720      29600   cmsis_os2.o
       120         16          0          4          0       1684   delay.o
         0          0          0          0          0      19488   event_groups.o
         8          0          0          0          0       7518   freertos.o
        42          6          0          0          0       6707   gpio.o
       472         24          0         32      15360       4899   heap_4.o
        96         16          0          0          0       5107   key.o
        92         12          0          0          0       5426   led.o
       138          0          0          0          0       3578   list.o
        20          6          0          8          0       1320   lv_hal_tick.o
       272         30          0          0          0     726084   main.o
       624         28          0          0       1024      11874   oled.o
       786         82          0         12          0      11561   port.o
       508         36         14          0          0      35417   pwm1.o
      1514         20          0          0         64      17496   queue.o
        36          8        392          0       1024        840   startup_stm32f407xx.o
        68          8          0         12          0       7572   stm32f4xx_hal.o
       158         14          0          0          0      33058   stm32f4xx_hal_cortex.o
        56          4          0          0          0        878   stm32f4xx_hal_msp.o
        96         22          0          0          0       1934   stm32f4xx_hal_rcc.o
       868        104          0          0          0       8257   stm32f4xx_hal_tim.o
         4          0          0          0          0       1645   stm32f4xx_hal_tim_ex.o
       152         20          0          0         72       1495   stm32f4xx_hal_timebase_tim.o
        24          6          0          0          0       3287   stm32f4xx_it.o
       228         26          0          0          0      53944   stm32f4xx_ll_adc.o
       310          0          0          0          0       7191   stm32f4xx_ll_gpio.o
       656         54          0          0          0      33019   stm32f4xx_ll_tim.o
        12          6          0          0          0       7984   stm32f4xx_ll_utils.o
         0          0          0          0          0        400   stream_buffer.o
        16          4          8          4          0       1139   system_stm32f4xx.o
      2100        170          0         60       1220      27076   tasks.o
        96         46          0          0          0      26612   timer.o
       972         80          0         20        280      29739   timers.o
       212         24          0          8          0       7586   ultrasonic.o
        24          6          0          0          0      18900   usart.o
        80         10          0          0          0       5271   user_gpio.o
       180         78          0         16          0       2057   user_tasksinit.o
        36          0          0          0          0       1082   user_ultrasonictxtask.o

    ----------------------------------------------------------------------
     11536       1000        448        180      20768    1212533   Object Totals
         0          0         32          0          0          0   (incl. Generated)
        32          0          2          0          4          0   (incl. Padding)

    ----------------------------------------------------------------------

      Code (inc. data)   RO Data    RW Data    ZI Data      Debug   Library Member Name

         0          0          0          0          0          0   entry.o
         0          0          0          0          0          0   entry10a.o
         0          0          0          0          0          0   entry11a.o
         8          4          0          0          0          0   entry2.o
         4          0          0          0          0          0   entry5.o
         0          0          0          0          0          0   entry7b.o
         0          0          0          0          0          0   entry8b.o
         8          4          0          0          0          0   entry9a.o
        30          0          0          0          0          0   handlers.o
        36          8          0          0          0         68   init.o
         0          0          0          0          0          0   iusefp.o
        30          0          0          0          0         68   llshl.o
        36          0          0          0          0         68   llsshr.o
        32          0          0          0          0         68   llushr.o
        64          0          0          0          0         76   memmovea.o
        36          0          0          0          0        108   memseta.o
      2226         90          0          0          0        444   printfa.o
         0          0          0          4          0          0   stdout.o
        44          0          0          0          0         80   uidiv.o
        98          0          0          0          0         92   uldiv.o
        48          0          0          0          0         68   cdrcmple.o
       334          0          0          0          0        148   dadd.o
       222          0          0          0          0        100   ddiv.o
       186          0          0          0          0        176   depilogue.o
        48          0          0          0          0         68   dfixul.o
       228          0          0          0          0         96   dmul.o

    ----------------------------------------------------------------------
      3724        106          0          4          0       1728   Library Totals
         6          0          0          0          0          0   (incl. Padding)

    ----------------------------------------------------------------------

      Code (inc. data)   RO Data    RW Data    ZI Data      Debug   Library Name

      2652        106          0          4          0       1072   mc_w.l
      1066          0          0          0          0        656   mf_w.l

    ----------------------------------------------------------------------
      3724        106          0          4          0       1728   Library Totals

    ----------------------------------------------------------------------

==============================================================================


      Code (inc. data)   RO Data    RW Data    ZI Data      Debug   

     15260       1106        448        184      20768    1198881   Grand Totals
     15260       1106        448        184      20768    1198881   ELF Image Totals
     15260       1106        448        184          0          0   ROM Totals

==============================================================================

    Total RO  Size (Code + RO Data)                15708 (  15.34kB)
    Total RW  Size (RW Data + ZI Data)             20952 (  20.46kB)
    Total ROM Size (Code + RO Data + RW Data)      15892 (  15.52kB)

==============================================================================

